core_cm3.h:1405:22:void NVIC_SetPriority(IRQn_Type, uint32_t)	16	static
core_cm3.h:1532:26:uint32_t SysTick_Config(uint32_t)	16	static
clock_15xx.h:500:20:void Chip_Clock_SetSysTickClockDiv(uint32_t)	16	static
pinint_15xx.h:245:20:void Chip_PININT_ClearIntStatus(LPC_PIN_INT_T*, uint32_t)	16	static
atomic_base.h:99:3:constexpr std::memory_order std::operator&(std::memory_order, std::__memory_order_modifier)	16	static
char_traits.h:329:7:static std::size_t std::char_traits<char>::length(const char_type*)	16	static
char_traits.h:377:7:static constexpr std::char_traits<char>::char_type std::char_traits<char>::to_char_type(const int_type&)	16	static
char_traits.h:383:7:static constexpr std::char_traits<char>::int_type std::char_traits<char>::to_int_type(const char_type&)	16	static
char_traits.h:391:7:static constexpr std::char_traits<char>::int_type std::char_traits<char>::eof()	4	static
exception.h:63:5:std::exception::exception()	16	static
new:173:33:void* operator new(std::size_t, void*)	16	static
gthr-default.h:229:1:int __gthread_key_delete(__gthread_key_t)	16	static
basic_string.h:6546:3:std::string std::__cxx11::to_string(int)	24	static
basic_string.h:6551:3:std::string std::__cxx11::to_string(unsigned int)	24	static
stl_bvector.h:77:5:std::_Bit_reference::_Bit_reference(std::_Bit_type*, std::_Bit_type)	24	static
stl_bvector.h:86:5:std::_Bit_reference::operator bool() const	16	static
stl_bvector.h:90:5:std::_Bit_reference& std::_Bit_reference::operator=(bool)	16	static
stl_bvector.h:100:5:std::_Bit_reference& std::_Bit_reference::operator=(const std::_Bit_reference&)	16	static
stl_bvector.h:148:5:std::_Bit_iterator_base::_Bit_iterator_base(std::_Bit_type*, unsigned int)	24	static
stl_bvector.h:152:5:void std::_Bit_iterator_base::_M_bump_up()	16	static
stl_bvector.h:162:5:void std::_Bit_iterator_base::_M_bump_down()	16	static
stl_bvector.h:172:5:void std::_Bit_iterator_base::_M_incr(std::ptrdiff_t)	24	static
stl_bvector.h:186:5:bool std::_Bit_iterator_base::operator==(const std::_Bit_iterator_base&) const	16	static
stl_bvector.h:214:3:std::ptrdiff_t std::operator-(const std::_Bit_iterator_base&, const std::_Bit_iterator_base&)	16	static
stl_bvector.h:226:5:std::_Bit_iterator::_Bit_iterator()	16	static
stl_bvector.h:228:5:std::_Bit_iterator::_Bit_iterator(std::_Bit_type*, unsigned int)	24	static
stl_bvector.h:236:5:std::_Bit_iterator::reference std::_Bit_iterator::operator*() const	16	static
stl_bvector.h:240:5:std::_Bit_iterator::iterator& std::_Bit_iterator::operator++()	16	static
stl_bvector.h:247:5:std::_Bit_iterator::iterator std::_Bit_iterator::operator++(int)	24	static
stl_bvector.h:255:5:std::_Bit_iterator::iterator& std::_Bit_iterator::operator--()	16	static
stl_bvector.h:270:5:std::_Bit_iterator::iterator& std::_Bit_iterator::operator+=(std::iterator<std::random_access_iterator_tag, bool>::difference_type)	16	static
stl_bvector.h:277:5:std::_Bit_iterator::iterator& std::_Bit_iterator::operator-=(std::iterator<std::random_access_iterator_tag, bool>::difference_type)	16	static
stl_bvector.h:284:5:std::_Bit_iterator::iterator std::_Bit_iterator::operator+(std::iterator<std::random_access_iterator_tag, bool>::difference_type) const	32	static
stl_bvector.h:291:5:std::_Bit_iterator::iterator std::_Bit_iterator::operator-(std::iterator<std::random_access_iterator_tag, bool>::difference_type) const	32	static
stl_bvector.h:315:5:std::_Bit_const_iterator::_Bit_const_iterator(std::_Bit_type*, unsigned int)	24	static
stl_bvector.h:318:5:std::_Bit_const_iterator::_Bit_const_iterator(const std::_Bit_iterator&)	16	static
stl_bvector.h:326:5:std::_Bit_const_iterator::const_reference std::_Bit_const_iterator::operator*() const	24	static
stl_bvector.h:330:5:std::_Bit_const_iterator::const_iterator& std::_Bit_const_iterator::operator++()	16	static
Event.h:12:2:Event::Event(Event::event_type, int64_t)	24	static
limits:1065:7:static constexpr int std::numeric_limits<int>::min()	4	static
limits:1347:7:static constexpr long long int std::numeric_limits<long long int>::max()	4	static
limits:1417:7:static constexpr long long unsigned int std::numeric_limits<long long unsigned int>::max()	4	static
std_function.h:255:5:std::_Function_base::_Function_base()	16	static
std_function.h:257:5:std::_Function_base::~_Function_base()	16	static
std_function.h:263:10:bool std::_Function_base::_M_empty() const	16	static
shared_ptr_base.h:303:5:void std::_Sp_counted_base<_Lp>::_M_add_ref_copy() [with __gnu_cxx::_Lock_policy _Lp = __gnu_cxx::_S_single]	16	static
shared_ptr_base.h:308:5:void std::_Sp_counted_base<_Lp>::_M_release() [with __gnu_cxx::_Lock_policy _Lp = __gnu_cxx::_S_single]	16	static
shared_ptr_base.h:508:5:static const std::type_info& std::_Sp_make_shared_tag::_S_ti()	4	static
stl_tree.h:112:5:static std::_Rb_tree_node_base* std::_Rb_tree_node_base::_S_minimum(std::_Rb_tree_node_base::_Base_ptr)	16	static
stl_tree.h:126:5:static std::_Rb_tree_node_base* std::_Rb_tree_node_base::_S_maximum(std::_Rb_tree_node_base::_Base_ptr)	16	static
stl_tree.h:173:5:std::_Rb_tree_header::_Rb_tree_header()	16	static
stl_tree.h:206:5:void std::_Rb_tree_header::_M_reset()	16	static
cmath:566:3:constexpr bool std::isfinite(double)	32	static
cmath:665:3:constexpr bool std::signbit(double)	16	static
json.hpp:2656:13:void nlohmann::detail::replace_substring(std::string&, const string&, const string&)	32	static
json.hpp:2688:13:void nlohmann::detail::unescape(std::string&)	128	static
json.hpp:2717:15:constexpr nlohmann::detail::position_t::operator size_t() const	16	static
json.hpp:2769:17:virtual const char* nlohmann::detail::exception::what() const	16	static
json.hpp:2779:5:nlohmann::detail::exception::exception(int, const char*)	24	static
json.hpp:2781:24:static std::string nlohmann::detail::exception::name(const string&, int)	120	static
json.hpp:2765:7:nlohmann::detail::exception::~exception()	16	static
json.hpp:2765:7:virtual nlohmann::detail::exception::~exception()	16	static
json.hpp:2941:5:nlohmann::detail::parse_error::parse_error(int, std::size_t, const char*)	24	static
json.hpp:2944:24:static std::string nlohmann::detail::parse_error::position_string(const nlohmann::detail::position_t&)	112	static
json.hpp:3103:5:nlohmann::detail::out_of_range::out_of_range(int, const char*)	24	static
json.hpp:11469:10:void nlohmann::detail::primitive_iterator_t::set_begin()	16	static
json.hpp:11475:10:void nlohmann::detail::primitive_iterator_t::set_end()	16	static
json.hpp:11481:20:constexpr bool nlohmann::detail::primitive_iterator_t::is_begin() const	16	static
json.hpp:11492:27:constexpr bool nlohmann::detail::operator==(nlohmann::detail::primitive_iterator_t, nlohmann::detail::primitive_iterator_t)	16	static
json.hpp:11514:27:nlohmann::detail::primitive_iterator_t& nlohmann::detail::primitive_iterator_t::operator++()	16	static
json.hpp:15378:15:constexpr nlohmann::detail::dtoa_impl::diyfp::diyfp(uint64_t, int)	24	static
json.hpp:15384:18:static nlohmann::detail::dtoa_impl::diyfp nlohmann::detail::dtoa_impl::diyfp::sub(const nlohmann::detail::dtoa_impl::diyfp&, const nlohmann::detail::dtoa_impl::diyfp&)	40	static
json.hpp:15396:18:static nlohmann::detail::dtoa_impl::diyfp nlohmann::detail::dtoa_impl::diyfp::mul(const nlohmann::detail::dtoa_impl::diyfp&, const nlohmann::detail::dtoa_impl::diyfp&)	232	static
json.hpp:15461:18:static nlohmann::detail::dtoa_impl::diyfp nlohmann::detail::dtoa_impl::diyfp::normalize(nlohmann::detail::dtoa_impl::diyfp)	24	static
json.hpp:15478:18:static nlohmann::detail::dtoa_impl::diyfp nlohmann::detail::dtoa_impl::diyfp::normalize_to(const nlohmann::detail::dtoa_impl::diyfp&, int)	72	static
json.hpp:15642:21:nlohmann::detail::dtoa_impl::cached_power nlohmann::detail::dtoa_impl::get_cached_power_for_binary_exponent(int)	48	static
json.hpp:15806:12:int nlohmann::detail::dtoa_impl::find_largest_pow10(uint32_t, uint32_t&)	16	static
json.hpp:15860:13:void nlohmann::detail::dtoa_impl::grisu2_round(char*, int, uint64_t, uint64_t, uint64_t, uint64_t)	80	static
json.hpp:15901:13:void nlohmann::detail::dtoa_impl::grisu2_digit_gen(char*, int&, int&, nlohmann::detail::dtoa_impl::diyfp, nlohmann::detail::dtoa_impl::diyfp, nlohmann::detail::dtoa_impl::diyfp)	312	static
json.hpp:16142:13:void nlohmann::detail::dtoa_impl::grisu2(char*, int&, int&, nlohmann::detail::dtoa_impl::diyfp, nlohmann::detail::dtoa_impl::diyfp, nlohmann::detail::dtoa_impl::diyfp)	200	static
json.hpp:16242:14:char* nlohmann::detail::dtoa_impl::append_exponent(char*, int)	24	static
json.hpp:16294:14:char* nlohmann::detail::dtoa_impl::format_buffer(char*, int, int, int, int)	32	static
array:189:7:constexpr const value_type& std::array<_Tp, _Nm>::operator[](std::array<_Tp, _Nm>::size_type) const [with _Tp = unsigned char; unsigned int _Nm = 400]	16	static
std_function.h:369:11:std::function<bool(int, nlohmann::detail::parse_event_t, nlohmann::basic_json<>&)>::~function()	16	static
project_main.cpp:95:7:void SysTick_Handler()	8	static
project_main.cpp:105:7:void PIN_INT0_IRQHandler()	8	static
project_main.cpp:116:7:void PIN_INT1_IRQHandler()	8	static
project_main.cpp:127:7:void PIN_INT2_IRQHandler()	8	static
project_main.cpp:140:5:int main()	5216	static
project_main.cpp:276:13:std::string get_sample_json(SmartVent*, int)	176	static
project_main.cpp:296:6:void handle_mqtt_input(SmartVent*, PropertyEdit**)	192	static
project_main.cpp:323:6:void handle_lcd_input(SmartVent*, PropertyEdit**)	32	static
project_main.cpp:337:6:void update_lcd(SmartVent*, PropertyEdit**)	64	static
project_main.cpp:362:6:void handle_mode(SmartVent*, PropertyEdit**, int)	80	static
project_main.cpp:395:6:void handle_freq(SmartVent*, PropertyEdit**, int)	64	static
project_main.cpp:417:6:void handle_target_pressure(SmartVent*, PropertyEdit**, int)	64	static
project_main.cpp:439:6:void handle_pressure(SmartVent*, PropertyEdit**, int)	24	static
project_main.cpp:452:6:void set_systick(const int&)	24	static
project_main.cpp:464:6:void delay_systick(int)	16	static
project_main.cpp:476:10:uint32_t millis()	4	static
project_main.cpp:481:6:void mqtt_message_handler(MessageData*)	2584	static
string_conversions.h:99:5:) [with _String = std::__cxx11::basic_string<char>; _CharT = char]	44	dynamic
basic_string.h:6057:5:std::__cxx11::basic_string<_CharT, _Traits, _Alloc> std::operator+(const std::__cxx11::basic_string<_CharT, _Traits, _Alloc>&, const _CharT*) [with _CharT = char; _Traits = std::char_traits<char>; _Alloc = std::allocator<char>]	24	static
basic_string.h:6097:5:std::__cxx11::basic_string<_CharT, _Traits, _Alloc> std::operator+(std::__cxx11::basic_string<_CharT, _Traits, _Alloc>&&, std::__cxx11::basic_string<_CharT, _Traits, _Alloc>&&) [with _CharT = char; _Traits = std::char_traits<char>; _Alloc = std::allocator<char>]	40	static
basic_string.h:6109:5:std::__cxx11::basic_string<_CharT, _Traits, _Alloc> std::operator+(const _CharT*, std::__cxx11::basic_string<_CharT, _Traits, _Alloc>&&) [with _CharT = char; _Traits = std::char_traits<char>; _Alloc = std::allocator<char>]	24	static
shared_ptr_base.h:131:7:void std::_Sp_counted_base<_Lp>::_M_destroy() [with __gnu_cxx::_Lock_policy _Lp = __gnu_cxx::_S_single]	16	static
stl_algobase.h:198:5:const _Tp& std::min(const _Tp&, const _Tp&) [with _Tp = unsigned int]	16	static
stl_algobase.h:222:5:const _Tp& std::max(const _Tp&, const _Tp&) [with _Tp = unsigned int]	16	static
move.h:74:5:constexpr _Tp&& std::forward(typename std::remove_reference<_Tp>::type&) [with _Tp = int]	16	static
basic_string.tcc:1158:5:std::__cxx11::basic_string<_CharT, _Traits, _Alloc> std::operator+(const _CharT*, const std::__cxx11::basic_string<_CharT, _Traits, _Alloc>&) [with _CharT = char; _Traits = std::char_traits<char>; _Alloc = std::allocator<char>]	32	static
basic_string.h:6121:5:std::__cxx11::basic_string<_CharT, _Traits, _Alloc> std::operator+(std::__cxx11::basic_string<_CharT, _Traits, _Alloc>&&, const _CharT*) [with _CharT = char; _Traits = std::char_traits<char>; _Alloc = std::allocator<char>]	24	static
array:175:7:constexpr std::array<_Tp, _Nm>::size_type std::array<_Tp, _Nm>::size() const [with _Tp = nlohmann::detail::dtoa_impl::cached_power; unsigned int _Nm = 79]	16	static
array:189:7:constexpr const value_type& std::array<_Tp, _Nm>::operator[](std::array<_Tp, _Nm>::size_type) const [with _Tp = nlohmann::detail::dtoa_impl::cached_power; unsigned int _Nm = 79]	16	static
array:55:7:static constexpr _Tp& std::__array_traits<_Tp, _Nm>::_S_ref(const _Tp (&)[_Nm], std::size_t) [with _Tp = unsigned char; unsigned int _Nm = 400]	16	static
std_function.h:403:7:)>::function(std::nullptr_t) [with _Res = bool; _ArgTypes = {int, nlohmann::detail::parse_event_t, nlohmann::basic_json<std::map, std::vector, std::__cxx11::basic_string<char, std::char_traits<char>, std::allocator<char> >, bool, long long int, long long unsigned int, double, std::allocator, nlohmann::adl_serializer, std::vector<unsigned char, std::allocator<unsigned char> > >&}]	16	static
std_function.h:423:7:)>&&) [with _Res = bool; _ArgTypes = {int, nlohmann::detail::parse_event_t, nlohmann::basic_json<std::map, std::vector, std::__cxx11::basic_string<char, std::char_traits<char>, std::allocator<char> >, bool, long long int, long long unsigned int, double, std::allocator, nlohmann::adl_serializer, std::vector<unsigned char, std::allocator<unsigned char> > >&}]	16	static
json.hpp:19855:5:nlohmann::basic_json<ObjectType, ArrayType, StringType, BooleanType, NumberIntegerType, NumberUnsignedType, NumberFloatType, AllocatorType, JSONSerializer, BinaryType>::~basic_json() [with ObjectType = std::map; ArrayType = std::vector; StringType = std::__cxx11::basic_string<char>; BooleanType = bool; NumberIntegerType = long long int; NumberUnsignedType = long long unsigned int; NumberFloatType = double; AllocatorType = std::allocator; JSONSerializer = nlohmann::adl_serializer; BinaryType = std::vector<unsigned char>]	16	static
json.hpp:19783:5:nlohmann::basic_json<ObjectType, ArrayType, StringType, BooleanType, NumberIntegerType, NumberUnsignedType, NumberFloatType, AllocatorType, JSONSerializer, BinaryType>::basic_json(nlohmann::basic_json<ObjectType, ArrayType, StringType, BooleanType, NumberIntegerType, NumberUnsignedType, NumberFloatType, AllocatorType, JSONSerializer, BinaryType>&&) [with ObjectType = std::map; ArrayType = std::vector; StringType = std::__cxx11::basic_string<char>; BooleanType = bool; NumberIntegerType = long long int; NumberUnsignedType = long long unsigned int; NumberFloatType = double; AllocatorType = std::allocator; JSONSerializer = nlohmann::adl_serializer; BinaryType = std::vector<unsigned char>]	16	static
allocator.h:153:7:std::allocator< <template-parameter-1-1> >::~allocator() [with _Tp = std::__cxx11::basic_string<char>]	16	static
atomic_base.h:284:7:std::__atomic_base<_IntTp>::operator std::__atomic_base<_IntTp>::__int_type() const volatile [with _ITp = int]	24	static
atomic_base.h:314:7:std::__atomic_base<_IntTp>::__int_type std::__atomic_base<_IntTp>::operator--(int) volatile [with _ITp = int]	32	static
json.hpp:18999:5:nlohmann::basic_json<ObjectType, ArrayType, StringType, BooleanType, NumberIntegerType, NumberUnsignedType, NumberFloatType, AllocatorType, JSONSerializer, BinaryType>::basic_json(std::nullptr_t) [with ObjectType = std::map; ArrayType = std::vector; StringType = std::__cxx11::basic_string<char>; BooleanType = bool; NumberIntegerType = long long int; NumberUnsignedType = long long unsigned int; NumberFloatType = double; AllocatorType = std::allocator; JSONSerializer = nlohmann::adl_serializer; BinaryType = std::vector<unsigned char>]	16	static
json.hpp:21373:15:nlohmann::basic_json<ObjectType, ArrayType, StringType, BooleanType, NumberIntegerType, NumberUnsignedType, NumberFloatType, AllocatorType, JSONSerializer, BinaryType>::value_type& nlohmann::basic_json<ObjectType, ArrayType, StringType, BooleanType, NumberIntegerType, NumberUnsignedType, NumberFloatType, AllocatorType, JSONSerializer, BinaryType>::operator[](T*) [with T = const char; ObjectType = std::map; ArrayType = std::vector; StringType = std::__cxx11::basic_string<char>; BooleanType = bool; NumberIntegerType = long long int; NumberUnsignedType = long long unsigned int; NumberFloatType = double; AllocatorType = std::allocator; JSONSerializer = nlohmann::adl_serializer; BinaryType = std::vector<unsigned char>]	64	static
json.hpp:19071:5:nlohmann::basic_json<ObjectType, ArrayType, StringType, BooleanType, NumberIntegerType, NumberUnsignedType, NumberFloatType, AllocatorType, JSONSerializer, BinaryType>::basic_json(CompatibleType&&) [with CompatibleType = int&; U = int; typename std::enable_if<((! nlohmann::detail::is_basic_json<U>::value) && nlohmann::detail::is_compatible_type<nlohmann::basic_json<ObjectType, ArrayType, StringType, BooleanType, NumberIntegerType, NumberUnsignedType, NumberFloatType, AllocatorType, JSONSerializer, BinaryType>, U>::value), int>::type <anonymous> = 0; ObjectType = std::map; ArrayType = std::vector; StringType = std::__cxx11::basic_string<char>; BooleanType = bool; NumberIntegerType = long long int; NumberUnsignedType = long long unsigned int; NumberFloatType = double; AllocatorType = std::allocator; JSONSerializer = nlohmann::adl_serializer; BinaryType = std::vector<unsigned char>]	16	static
json.hpp:19821:17:nlohmann::basic_json<ObjectType, ArrayType, StringType, BooleanType, NumberIntegerType, NumberUnsignedType, NumberFloatType, AllocatorType, JSONSerializer, BinaryType>& nlohmann::basic_json<ObjectType, ArrayType, StringType, BooleanType, NumberIntegerType, NumberUnsignedType, NumberFloatType, AllocatorType, JSONSerializer, BinaryType>::operator=(nlohmann::basic_json<ObjectType, ArrayType, StringType, BooleanType, NumberIntegerType, NumberUnsignedType, NumberFloatType, AllocatorType, JSONSerializer, BinaryType>) [with ObjectType = std::map; ArrayType = std::vector; StringType = std::__cxx11::basic_string<char>; BooleanType = bool; NumberIntegerType = long long int; NumberUnsignedType = long long unsigned int; NumberFloatType = double; AllocatorType = std::allocator; JSONSerializer = nlohmann::adl_serializer; BinaryType = std::vector<unsigned char>]	16	static
shared_ptr_base.h:1169:7:std::__shared_ptr<_Tp, _Lp>::~__shared_ptr() [with _Tp = nlohmann::detail::output_adapter_protocol<char>; __gnu_cxx::_Lock_policy _Lp = __gnu_cxx::_S_single]	16	static
shared_ptr.h:103:11:std::shared_ptr<nlohmann::detail::output_adapter_protocol<char> >::~shared_ptr()	16	static
json.hpp:13656:7:nlohmann::detail::output_adapter<char>::~output_adapter()	16	static
json.hpp:16496:5:nlohmann::detail::serializer<BasicJsonType>::~serializer() [with BasicJsonType = nlohmann::basic_json<>]	16	static
json.hpp:19919:14:nlohmann::basic_json<ObjectType, ArrayType, StringType, BooleanType, NumberIntegerType, NumberUnsignedType, NumberFloatType, AllocatorType, JSONSerializer, BinaryType>::string_t nlohmann::basic_json<ObjectType, ArrayType, StringType, BooleanType, NumberIntegerType, NumberUnsignedType, NumberFloatType, AllocatorType, JSONSerializer, BinaryType>::dump(int, char, bool, nlohmann::basic_json<ObjectType, ArrayType, StringType, BooleanType, NumberIntegerType, NumberUnsignedType, NumberFloatType, AllocatorType, JSONSerializer, BinaryType>::error_handler_t) const [with ObjectType = std::map; ArrayType = std::vector; StringType = std::__cxx11::basic_string<char>; BooleanType = bool; NumberIntegerType = long long int; NumberUnsignedType = long long unsigned int; NumberFloatType = double; AllocatorType = std::allocator; JSONSerializer = nlohmann::adl_serializer; BinaryType = std::vector<unsigned char>]	680	static
json.hpp:6754:5:nlohmann::detail::lexer<BasicJsonType, InputAdapterType>::~lexer() [with BasicJsonType = nlohmann::basic_json<>; InputAdapterType = nlohmann::detail::iterator_input_adapter<__gnu_cxx::__normal_iterator<const char*, std::__cxx11::basic_string<char> > >]	16	static
json.hpp:10977:7:nlohmann::detail::parser<nlohmann::basic_json<>, nlohmann::detail::iterator_input_adapter<__gnu_cxx::__normal_iterator<const char*, std::__cxx11::basic_string<char> > > >::~parser()	16	static
json.hpp:24398:23:static nlohmann::basic_json<ObjectType, ArrayType, StringType, BooleanType, NumberIntegerType, NumberUnsignedType, NumberFloatType, AllocatorType, JSONSerializer, BinaryType> nlohmann::basic_json<ObjectType, ArrayType, StringType, BooleanType, NumberIntegerType, NumberUnsignedType, NumberFloatType, AllocatorType, JSONSerializer, BinaryType>::parse(InputType&&, nlohmann::basic_json<ObjectType, ArrayType, StringType, BooleanType, NumberIntegerType, NumberUnsignedType, NumberFloatType, AllocatorType, JSONSerializer, BinaryType>::parser_callback_t, bool, bool) [with InputType = std::__cxx11::basic_string<char>&; ObjectType = std::map; ArrayType = std::vector; StringType = std::__cxx11::basic_string<char>; BooleanType = bool; NumberIntegerType = long long int; NumberUnsignedType = long long unsigned int; NumberFloatType = double; AllocatorType = std::allocator; JSONSerializer = nlohmann::adl_serializer; BinaryType = std::vector<unsigned char>]	192	static
json.hpp:21490:15:ValueType nlohmann::basic_json<ObjectType, ArrayType, StringType, BooleanType, NumberIntegerType, NumberUnsignedType, NumberFloatType, AllocatorType, JSONSerializer, BinaryType>::value(const typename nlohmann::basic_json<ObjectType, ArrayType, StringType, BooleanType, NumberIntegerType, NumberUnsignedType, NumberFloatType, AllocatorType, JSONSerializer, BinaryType>::object_t::key_type&, const ValueType&) const [with ValueType = int; typename std::enable_if<(nlohmann::detail::is_getable<nlohmann::basic_json<ObjectType, ArrayType, StringType, BooleanType, NumberIntegerType, NumberUnsignedType, NumberFloatType, AllocatorType, JSONSerializer, BinaryType>, ValueType>::value && (! std::is_same<nlohmann::detail::value_t, ValueType>::value)), int>::type <anonymous> = 0; ObjectType = std::map; ArrayType = std::vector; StringType = std::__cxx11::basic_string<char>; BooleanType = bool; NumberIntegerType = long long int; NumberUnsignedType = long long unsigned int; NumberFloatType = double; AllocatorType = std::allocator; JSONSerializer = nlohmann::adl_serializer; BinaryType = std::vector<unsigned char>]	56	static
atomic_base.h:295:7:std::__atomic_base<_IntTp>::__int_type std::__atomic_base<_IntTp>::operator=(std::__atomic_base<_IntTp>::__int_type) volatile [with _ITp = int]	32	static
basic_string.h:625:9:std::__cxx11::basic_string<_CharT, _Traits, _Alloc>::basic_string(_InputIterator, _InputIterator, const _Alloc&) [with _InputIterator = char*; <template-parameter-2-2> = void; _CharT = char; _Traits = std::char_traits<char>; _Alloc = std::allocator<char>]	32	static
move.h:99:5:constexpr typename std::remove_reference<_Tp>::type&& std::move(_Tp&&) [with _Tp = std::__cxx11::basic_string<char>&]	16	static
shared_ptr_base.h:121:7:std::_Sp_counted_base<_Lp>::~_Sp_counted_base() [with __gnu_cxx::_Lock_policy _Lp = __gnu_cxx::_S_single]	16	static
shared_ptr_base.h:121:7:std::_Sp_counted_base<_Lp>::~_Sp_counted_base() [with __gnu_cxx::_Lock_policy _Lp = __gnu_cxx::_S_single]	16	static
move.h:74:5:constexpr _Tp&& std::forward(typename std::remove_reference<_Tp>::type&) [with _Tp = bool]	16	static
array:55:7:static constexpr _Tp& std::__array_traits<_Tp, _Nm>::_S_ref(const _Tp (&)[_Nm], std::size_t) [with _Tp = nlohmann::detail::dtoa_impl::cached_power; unsigned int _Nm = 79]	16	static
json.hpp:22716:15:nlohmann::basic_json<ObjectType, ArrayType, StringType, BooleanType, NumberIntegerType, NumberUnsignedType, NumberFloatType, AllocatorType, JSONSerializer, BinaryType>::size_type nlohmann::basic_json<ObjectType, ArrayType, StringType, BooleanType, NumberIntegerType, NumberUnsignedType, NumberFloatType, AllocatorType, JSONSerializer, BinaryType>::size() const [with ObjectType = std::map; ArrayType = std::vector; StringType = std::__cxx11::basic_string<char>; BooleanType = bool; NumberIntegerType = long long int; NumberUnsignedType = long long unsigned int; NumberFloatType = double; AllocatorType = std::allocator; JSONSerializer = nlohmann::adl_serializer; BinaryType = std::vector<unsigned char>]	16	static
json.hpp:22262:20:nlohmann::basic_json<ObjectType, ArrayType, StringType, BooleanType, NumberIntegerType, NumberUnsignedType, NumberFloatType, AllocatorType, JSONSerializer, BinaryType>::const_iterator nlohmann::basic_json<ObjectType, ArrayType, StringType, BooleanType, NumberIntegerType, NumberUnsignedType, NumberFloatType, AllocatorType, JSONSerializer, BinaryType>::end() const [with ObjectType = std::map; ArrayType = std::vector; StringType = std::__cxx11::basic_string<char>; BooleanType = bool; NumberIntegerType = long long int; NumberUnsignedType = long long unsigned int; NumberFloatType = double; AllocatorType = std::allocator; JSONSerializer = nlohmann::adl_serializer; BinaryType = std::vector<unsigned char>]	16	static
json.hpp:12079:10:bool nlohmann::detail::iter_impl<BasicJsonType>::operator!=(const IterImpl&) const [with IterImpl = nlohmann::detail::iter_impl<const nlohmann::basic_json<> >; typename std::enable_if<(std::is_same<IterImpl, nlohmann::detail::iter_impl<BasicJsonType> >::value || std::is_same<IterImpl, nlohmann::detail::iter_impl<typename std::conditional<std::is_const<_Tp>::value, typename std::remove_const<_Tp>::type, const BasicJsonType>::type> >::value), std::nullptr_t>::type <anonymous> = nullptr; BasicJsonType = const nlohmann::basic_json<>]	16	static
stl_vector.h:915:7:std::vector<_Tp, _Alloc>::size_type std::vector<_Tp, _Alloc>::size() const [with _Tp = unsigned char; _Alloc = std::allocator<unsigned char>]	16	static
json.hpp:5236:20:bool nlohmann::byte_container_with_subtype<BinaryType>::has_subtype() const [with BinaryType = std::vector<unsigned char>]	16	static
json.hpp:5215:28:nlohmann::byte_container_with_subtype<BinaryType>::subtype_type nlohmann::byte_container_with_subtype<BinaryType>::subtype() const [with BinaryType = std::vector<unsigned char>]	16	static
stl_vector.h:817:7:std::vector<_Tp, _Alloc>::const_iterator std::vector<_Tp, _Alloc>::begin() const [with _Tp = unsigned char; _Alloc = std::allocator<unsigned char>]	24	static
stl_vector.h:835:7:std::vector<_Tp, _Alloc>::const_iterator std::vector<_Tp, _Alloc>::end() const [with _Tp = unsigned char; _Alloc = std::allocator<unsigned char>]	24	static
stl_iterator.h:907:5:bool __gnu_cxx::operator!=(const __gnu_cxx::__normal_iterator<_Iterator, _Container>&, const __gnu_cxx::__normal_iterator<_Iterator, _Container>&) [with _Iterator = const unsigned char*; _Container = std::vector<unsigned char>]	24	static
stl_iterator.h:827:7:__gnu_cxx::__normal_iterator<_Iterator, _Container>& __gnu_cxx::__normal_iterator<_Iterator, _Container>::operator++() [with _Iterator = const unsigned char*; _Container = std::vector<unsigned char>]	16	static
stl_iterator.h:819:7:__gnu_cxx::__normal_iterator<_Iterator, _Container>::reference __gnu_cxx::__normal_iterator<_Iterator, _Container>::operator*() const [with _Iterator = const unsigned char*; _Container = std::vector<unsigned char>]	16	static
move.h:99:5:constexpr typename std::remove_reference<_Tp>::type&& std::move(_Tp&&) [with _Tp = nlohmann::detail::value_t&]	16	static
move.h:182:5:typename std::enable_if<std::__and_<std::__not_<std::__is_tuple_like<_Tp> >, std::is_move_constructible<_Tp>, std::is_move_assignable<_Tp> >::value>::type std::swap(_Tp&, _Tp&) [with _Tp = nlohmann::detail::value_t]	24	static
move.h:99:5:constexpr typename std::remove_reference<_Tp>::type&& std::move(_Tp&&) [with _Tp = nlohmann::basic_json<>::json_value&]	16	static
move.h:182:5:typename std::enable_if<std::__and_<std::__not_<std::__is_tuple_like<_Tp> >, std::is_move_constructible<_Tp>, std::is_move_assignable<_Tp> >::value>::type std::swap(_Tp&, _Tp&) [with _Tp = nlohmann::basic_json<>::json_value]	24	static
json.hpp:18775:10:void nlohmann::basic_json<ObjectType, ArrayType, StringType, BooleanType, NumberIntegerType, NumberUnsignedType, NumberFloatType, AllocatorType, JSONSerializer, BinaryType>::set_parents() [with ObjectType = std::map; ArrayType = std::vector; StringType = std::__cxx11::basic_string<char>; BooleanType = bool; NumberIntegerType = long long int; NumberUnsignedType = long long unsigned int; NumberFloatType = double; AllocatorType = std::allocator; JSONSerializer = nlohmann::adl_serializer; BinaryType = std::vector<unsigned char>]	16	static
json.hpp:18754:10:void nlohmann::basic_json<ObjectType, ArrayType, StringType, BooleanType, NumberIntegerType, NumberUnsignedType, NumberFloatType, AllocatorType, JSONSerializer, BinaryType>::assert_invariant(bool) const [with ObjectType = std::map; ArrayType = std::vector; StringType = std::__cxx11::basic_string<char>; BooleanType = bool; NumberIntegerType = long long int; NumberUnsignedType = long long unsigned int; NumberFloatType = double; AllocatorType = std::allocator; JSONSerializer = nlohmann::adl_serializer; BinaryType = std::vector<unsigned char>]	16	static
std_function.h:547:12:)>&) [with _Res = bool; _ArgTypes = {int, nlohmann::detail::parse_event_t, nlohmann::basic_json<std::map, std::vector, std::__cxx11::basic_string<char, std::char_traits<char>, std::allocator<char> >, bool, long long int, long long unsigned int, double, std::allocator, nlohmann::adl_serializer, std::vector<unsigned char, std::allocator<unsigned char> > >&}]	16	static
std_function.h:653:5:)>&) [with _Res = bool; _ArgTypes = {int, nlohmann::detail::parse_event_t, nlohmann::basic_json<std::map, std::vector, std::__cxx11::basic_string<char, std::char_traits<char>, std::allocator<char> >, bool, long long int, long long unsigned int, double, std::allocator, nlohmann::adl_serializer, std::vector<unsigned char, std::allocator<unsigned char> > >&}]	16	static
stl_vector.h:125:14:std::_Vector_base<char, std::allocator<char> >::_Vector_impl::~_Vector_impl()	16	static
stl_vector.h:675:7:std::vector<_Tp, _Alloc>::~vector() [with _Tp = char; _Alloc = std::allocator<char>]	24	static
json.hpp:6264:5:nlohmann::detail::json_sax_dom_callback_parser<BasicJsonType>::~json_sax_dom_callback_parser() [with BasicJsonType = nlohmann::basic_json<>]	16	static
json.hpp:2900:7:nlohmann::detail::parse_error::~parse_error()	16	static
json.hpp:2900:7:virtual nlohmann::detail::parse_error::~parse_error()	16	static
json.hpp:6089:5:nlohmann::detail::json_sax_dom_parser<BasicJsonType>::~json_sax_dom_parser() [with BasicJsonType = nlohmann::basic_json<>]	16	static
stl_vector.h:125:14:std::_Vector_base<nlohmann::basic_json<>, std::allocator<nlohmann::basic_json<> > >::_Vector_impl::~_Vector_impl()	16	static
stl_vector.h:285:7:std::_Vector_base<_Tp, _Alloc>::_Vector_base() [with _Tp = nlohmann::basic_json<>; _Alloc = std::allocator<nlohmann::basic_json<> >]	16	static
stl_vector.h:484:7:std::vector<_Tp, _Alloc>::vector() [with _Tp = nlohmann::basic_json<>; _Alloc = std::allocator<nlohmann::basic_json<> >]	16	static
json.hpp:18636:14:void nlohmann::basic_json<ObjectType, ArrayType, StringType, BooleanType, NumberIntegerType, NumberUnsignedType, NumberFloatType, AllocatorType, JSONSerializer, BinaryType>::json_value::destroy(nlohmann::basic_json<ObjectType, ArrayType, StringType, BooleanType, NumberIntegerType, NumberUnsignedType, NumberFloatType, AllocatorType, JSONSerializer, BinaryType>::value_t) [with ObjectType = std::map; ArrayType = std::vector; StringType = std::__cxx11::basic_string<char>; BooleanType = bool; NumberIntegerType = long long int; NumberUnsignedType = long long unsigned int; NumberFloatType = double; AllocatorType = std::allocator; JSONSerializer = nlohmann::adl_serializer; BinaryType = std::vector<unsigned char>]	104	static
new_allocator.h:89:7:__gnu_cxx::new_allocator<_Tp>::~new_allocator() [with _Tp = std::__cxx11::basic_string<char>]	16	static
basic_string.h:263:9:void std::__cxx11::basic_string<_CharT, _Traits, _Alloc>::_M_construct(_InIterator, _InIterator) [with _InIterator = char*; _CharT = char; _Traits = std::char_traits<char>; _Alloc = std::allocator<char>]	32	static
json.hpp:18975:5:nlohmann::basic_json<ObjectType, ArrayType, StringType, BooleanType, NumberIntegerType, NumberUnsignedType, NumberFloatType, AllocatorType, JSONSerializer, BinaryType>::basic_json(nlohmann::basic_json<ObjectType, ArrayType, StringType, BooleanType, NumberIntegerType, NumberUnsignedType, NumberFloatType, AllocatorType, JSONSerializer, BinaryType>::value_t) [with ObjectType = std::map; ArrayType = std::vector; StringType = std::__cxx11::basic_string<char>; BooleanType = bool; NumberIntegerType = long long int; NumberUnsignedType = long long unsigned int; NumberFloatType = double; AllocatorType = std::allocator; JSONSerializer = nlohmann::adl_serializer; BinaryType = std::vector<unsigned char>]	16	static
json.hpp:20052:20:bool nlohmann::basic_json<ObjectType, ArrayType, StringType, BooleanType, NumberIntegerType, NumberUnsignedType, NumberFloatType, AllocatorType, JSONSerializer, BinaryType>::is_null() const [with ObjectType = std::map; ArrayType = std::vector; StringType = std::__cxx11::basic_string<char>; BooleanType = bool; NumberIntegerType = long long int; NumberUnsignedType = long long unsigned int; NumberFloatType = double; AllocatorType = std::allocator; JSONSerializer = nlohmann::adl_serializer; BinaryType = std::vector<unsigned char>]	16	static
json.hpp:18505:9:nlohmann::basic_json<ObjectType, ArrayType, StringType, BooleanType, NumberIntegerType, NumberUnsignedType, NumberFloatType, AllocatorType, JSONSerializer, BinaryType>::json_value::json_value(nlohmann::basic_json<ObjectType, ArrayType, StringType, BooleanType, NumberIntegerType, NumberUnsignedType, NumberFloatType, AllocatorType, JSONSerializer, BinaryType>::value_t) [with ObjectType = std::map; ArrayType = std::vector; StringType = std::__cxx11::basic_string<char>; BooleanType = bool; NumberIntegerType = long long int; NumberUnsignedType = long long unsigned int; NumberFloatType = double; AllocatorType = std::allocator; JSONSerializer = nlohmann::adl_serializer; BinaryType = std::vector<unsigned char>]	16	static
json.hpp:20211:20:bool nlohmann::basic_json<ObjectType, ArrayType, StringType, BooleanType, NumberIntegerType, NumberUnsignedType, NumberFloatType, AllocatorType, JSONSerializer, BinaryType>::is_object() const [with ObjectType = std::map; ArrayType = std::vector; StringType = std::__cxx11::basic_string<char>; BooleanType = bool; NumberIntegerType = long long int; NumberUnsignedType = long long unsigned int; NumberFloatType = double; AllocatorType = std::allocator; JSONSerializer = nlohmann::adl_serializer; BinaryType = std::vector<unsigned char>]	16	static
json.hpp:18825:15:nlohmann::basic_json<ObjectType, ArrayType, StringType, BooleanType, NumberIntegerType, NumberUnsignedType, NumberFloatType, AllocatorType, JSONSerializer, BinaryType>::value_type& nlohmann::basic_json<ObjectType, ArrayType, StringType, BooleanType, NumberIntegerType, NumberUnsignedType, NumberFloatType, AllocatorType, JSONSerializer, BinaryType>::set_parent(nlohmann::basic_json<ObjectType, ArrayType, StringType, BooleanType, NumberIntegerType, NumberUnsignedType, NumberFloatType, AllocatorType, JSONSerializer, BinaryType>::reference, std::size_t) [with ObjectType = std::map; ArrayType = std::vector; StringType = std::__cxx11::basic_string<char>; BooleanType = bool; NumberIntegerType = long long int; NumberUnsignedType = long long unsigned int; NumberFloatType = double; AllocatorType = std::allocator; JSONSerializer = nlohmann::adl_serializer; BinaryType = std::vector<unsigned char>]	24	static
stl_map.h:510:7:std::map<_Key, _Tp, _Compare, _Alloc>::mapped_type& std::map<_Key, _Tp, _Compare, _Alloc>::operator[](std::map<_Key, _Tp, _Compare, _Alloc>::key_type&&) [with _Key = std::__cxx11::basic_string<char>; _Tp = nlohmann::basic_json<>; _Compare = std::less<std::__cxx11::basic_string<char> >; _Alloc = std::allocator<std::pair<const std::__cxx11::basic_string<char>, nlohmann::basic_json<> > >]	56	static
move.h:74:5:constexpr _Tp&& std::forward(typename std::remove_reference<_Tp>::type&) [with _Tp = int&]	16	static
json.hpp:5093:17:static decltype ((nlohmann::{anonymous}::to_json(j, forward<TargetType>(val)), void())) nlohmann::adl_serializer<T, SFINAE>::to_json(BasicJsonType&, TargetType&&) [with BasicJsonType = nlohmann::basic_json<>; TargetType = int&; ValueType = int; <template-parameter-1-2> = void]	24	static
shared_ptr_base.h:1169:7:std::__shared_ptr<_Tp, _Lp>::~__shared_ptr() [with _Tp = nlohmann::detail::output_string_adapter<char, std::__cxx11::basic_string<char> >; __gnu_cxx::_Lock_policy _Lp = __gnu_cxx::_S_single]	16	static
shared_ptr.h:103:11:std::shared_ptr<nlohmann::detail::output_string_adapter<char, std::__cxx11::basic_string<char> > >::~shared_ptr()	16	static
json.hpp:13668:5:nlohmann::detail::output_adapter<CharType, StringType>::output_adapter(StringType&) [with CharType = char; StringType = std::__cxx11::basic_string<char>]	32	static
shared_ptr_base.h:727:7:std::__shared_count<_Lp>::~__shared_count() [with __gnu_cxx::_Lock_policy _Lp = __gnu_cxx::_S_single]	16	static
shared_ptr_base.h:1167:7:std::__shared_ptr<_Tp, _Lp>::__shared_ptr(const std::__shared_ptr<_Tp, _Lp>&) [with _Tp = nlohmann::detail::output_adapter_protocol<char>; __gnu_cxx::_Lock_policy _Lp = __gnu_cxx::_S_single]	16	static
shared_ptr.h:129:7:std::shared_ptr<_Tp>::shared_ptr(const std::shared_ptr<_Tp>&) [with _Tp = nlohmann::detail::output_adapter_protocol<char>]	16	static
json.hpp:13671:5:nlohmann::detail::output_adapter<CharType, StringType>::operator nlohmann::detail::output_adapter_t<CharType>() [with CharType = char; StringType = std::__cxx11::basic_string<char>]	16	static
shared_ptr.h:254:7:std::shared_ptr<_Tp>::shared_ptr(std::shared_ptr<_Tp>&&) [with _Tp = nlohmann::detail::output_adapter_protocol<char>]	24	static
json.hpp:16480:5:nlohmann::detail::serializer<BasicJsonType>::serializer(nlohmann::detail::output_adapter_t<char>, char, nlohmann::detail::error_handler_t) [with BasicJsonType = nlohmann::basic_json<>]	48	static
json.hpp:16520:10:void nlohmann::detail::serializer<BasicJsonType>::dump(const BasicJsonType&, bool, bool, unsigned int, unsigned int) [with BasicJsonType = nlohmann::basic_json<>]	144	static
move.h:74:5:constexpr _Tp&& std::forward(typename std::remove_reference<_Tp>::type&) [with _Tp = std::__cxx11::basic_string<char>&]	16	static
json.hpp:5831:109:typename nlohmann::detail::container_input_adapter_factory_impl::container_input_adapter_factory<ContainerType>::adapter_type nlohmann::detail::input_adapter(const ContainerType&) [with ContainerType = std::__cxx11::basic_string<char>]	16	static
json.hpp:17706:69:static nlohmann::detail::parser<nlohmann::basic_json<ObjectType, ArrayType, StringType, BooleanType, NumberIntegerType, NumberUnsignedType, NumberFloatType, AllocatorType, JSONSerializer, BinaryType>, InputAdapterType> nlohmann::basic_json<ObjectType, ArrayType, StringType, BooleanType, NumberIntegerType, NumberUnsignedType, NumberFloatType, AllocatorType, JSONSerializer, BinaryType>::parser(InputAdapterType, nlohmann::detail::parser_callback_t<nlohmann::basic_json<ObjectType, ArrayType, StringType, BooleanType, NumberIntegerType, NumberUnsignedType, NumberFloatType, AllocatorType, JSONSerializer, BinaryType> >, bool, bool) [with InputAdapterType = nlohmann::detail::iterator_input_adapter<__gnu_cxx::__normal_iterator<const char*, std::__cxx11::basic_string<char> > >; ObjectType = std::map; ArrayType = std::vector; StringType = std::__cxx11::basic_string<char>; BooleanType = bool; NumberIntegerType = long long int; NumberUnsignedType = long long unsigned int; NumberFloatType = double; AllocatorType = std::allocator; JSONSerializer = nlohmann::adl_serializer; BinaryType = std::vector<unsigned char>]	56	static
json.hpp:11010:10:void nlohmann::detail::parser<BasicJsonType, InputAdapterType>::parse(bool, BasicJsonType&) [with BasicJsonType = nlohmann::basic_json<>; InputAdapterType = nlohmann::detail::iterator_input_adapter<__gnu_cxx::__normal_iterator<const char*, std::__cxx11::basic_string<char> > >]	504	static
json.hpp:22044:20:nlohmann::basic_json<ObjectType, ArrayType, StringType, BooleanType, NumberIntegerType, NumberUnsignedType, NumberFloatType, AllocatorType, JSONSerializer, BinaryType>::const_iterator nlohmann::basic_json<ObjectType, ArrayType, StringType, BooleanType, NumberIntegerType, NumberUnsignedType, NumberFloatType, AllocatorType, JSONSerializer, BinaryType>::find(KeyT&&) const [with KeyT = const std::__cxx11::basic_string<char>&; ObjectType = std::map; ArrayType = std::vector; StringType = std::__cxx11::basic_string<char>; BooleanType = bool; NumberIntegerType = long long int; NumberUnsignedType = long long unsigned int; NumberFloatType = double; AllocatorType = std::allocator; JSONSerializer = nlohmann::adl_serializer; BinaryType = std::vector<unsigned char>]	32	static
json.hpp:11898:13:nlohmann::detail::iter_impl<BasicJsonType>::pointer nlohmann::detail::iter_impl<BasicJsonType>::operator->() const [with BasicJsonType = const nlohmann::basic_json<>]	32	static
json.hpp:20708:10:get_impl<ValueType>((nlohmann::detail::priority_tag<4>)(<brace-enclosed initializer list>()))) nlohmann::basic_json<ObjectType, ArrayType, StringType, BooleanType, NumberIntegerType, NumberUnsignedType, NumberFloatType, AllocatorType, JSONSerializer, BinaryType>::get() const [with ValueTypeCV = int; ValueType = int; ObjectType = std::map; ArrayType = std::vector; StringType = std::__cxx11::basic_string<char>; BooleanType = bool; NumberIntegerType = long long int; NumberUnsignedType = long long unsigned int; NumberFloatType = double; AllocatorType = std::allocator; JSONSerializer = nlohmann::adl_serializer; BinaryType = std::vector<unsigned char>]	24	static
stl_vector.h:915:7:std::vector<_Tp, _Alloc>::size_type std::vector<_Tp, _Alloc>::size() const [with _Tp = nlohmann::basic_json<>; _Alloc = std::allocator<nlohmann::basic_json<> >]	16	static
stl_map.h:468:7:std::map<_Key, _Tp, _Compare, _Alloc>::size_type std::map<_Key, _Tp, _Compare, _Alloc>::size() const [with _Key = std::__cxx11::basic_string<char>; _Tp = nlohmann::basic_json<>; _Compare = std::less<std::__cxx11::basic_string<char> >; _Alloc = std::allocator<std::pair<const std::__cxx11::basic_string<char>, nlohmann::basic_json<> > >]	16	static
json.hpp:22292:20:nlohmann::basic_json<ObjectType, ArrayType, StringType, BooleanType, NumberIntegerType, NumberUnsignedType, NumberFloatType, AllocatorType, JSONSerializer, BinaryType>::const_iterator nlohmann::basic_json<ObjectType, ArrayType, StringType, BooleanType, NumberIntegerType, NumberUnsignedType, NumberFloatType, AllocatorType, JSONSerializer, BinaryType>::cend() const [with ObjectType = std::map; ArrayType = std::vector; StringType = std::__cxx11::basic_string<char>; BooleanType = bool; NumberIntegerType = long long int; NumberUnsignedType = long long unsigned int; NumberFloatType = double; AllocatorType = std::allocator; JSONSerializer = nlohmann::adl_serializer; BinaryType = std::vector<unsigned char>]	16	static
json.hpp:12043:10:bool nlohmann::detail::iter_impl<BasicJsonType>::operator==(const IterImpl&) const [with IterImpl = nlohmann::detail::iter_impl<const nlohmann::basic_json<> >; typename std::enable_if<(std::is_same<IterImpl, nlohmann::detail::iter_impl<BasicJsonType> >::value || std::is_same<IterImpl, nlohmann::detail::iter_impl<typename std::conditional<std::is_const<_Tp>::value, typename std::remove_const<_Tp>::type, const BasicJsonType>::type> >::value), std::nullptr_t>::type <anonymous> = nullptr; BasicJsonType = const nlohmann::basic_json<>]	16	static
stl_iterator_base_funcs.h:202:5:void std::advance(_InputIterator&, _Distance) [with _InputIterator = std::_Rb_tree_iterator<std::pair<const std::__cxx11::basic_string<char>, nlohmann::basic_json<> > >; _Distance = int]	32	static
stl_iterator_base_funcs.h:202:5:void std::advance(_InputIterator&, _Distance) [with _InputIterator = __gnu_cxx::__normal_iterator<nlohmann::basic_json<>*, std::vector<nlohmann::basic_json<>, std::allocator<nlohmann::basic_json<> > > >; _Distance = int]	32	static
stl_map.h:372:7:std::map<_Key, _Tp, _Compare, _Alloc>::iterator std::map<_Key, _Tp, _Compare, _Alloc>::end() [with _Key = std::__cxx11::basic_string<char>; _Tp = nlohmann::basic_json<>; _Compare = std::less<std::__cxx11::basic_string<char> >; _Alloc = std::allocator<std::pair<const std::__cxx11::basic_string<char>, nlohmann::basic_json<> > >]	16	static
stl_tree.h:319:7:bool std::operator!=(const _Self&, const _Self&)	16	static
stl_tree.h:281:7:_Tp* std::_Rb_tree_iterator<_Tp>::operator->() const [with _Tp = std::pair<const std::__cxx11::basic_string<char>, nlohmann::basic_json<> >]	16	static
stl_vector.h:826:7:std::vector<_Tp, _Alloc>::iterator std::vector<_Tp, _Alloc>::end() [with _Tp = nlohmann::basic_json<>; _Alloc = std::allocator<nlohmann::basic_json<> >]	24	static
stl_iterator.h:907:5:bool __gnu_cxx::operator!=(const __gnu_cxx::__normal_iterator<_Iterator, _Container>&, const __gnu_cxx::__normal_iterator<_Iterator, _Container>&) [with _Iterator = nlohmann::basic_json<>*; _Container = std::vector<nlohmann::basic_json<>, std::allocator<nlohmann::basic_json<> > >]	24	static
stl_iterator.h:819:7:__gnu_cxx::__normal_iterator<_Iterator, _Container>::reference __gnu_cxx::__normal_iterator<_Iterator, _Container>::operator*() const [with _Iterator = nlohmann::basic_json<>*; _Container = std::vector<nlohmann::basic_json<>, std::allocator<nlohmann::basic_json<> > >]	16	static
json.hpp:20277:20:bool nlohmann::basic_json<ObjectType, ArrayType, StringType, BooleanType, NumberIntegerType, NumberUnsignedType, NumberFloatType, AllocatorType, JSONSerializer, BinaryType>::is_binary() const [with ObjectType = std::map; ArrayType = std::vector; StringType = std::__cxx11::basic_string<char>; BooleanType = bool; NumberIntegerType = long long int; NumberUnsignedType = long long unsigned int; NumberFloatType = double; AllocatorType = std::allocator; JSONSerializer = nlohmann::adl_serializer; BinaryType = std::vector<unsigned char>]	16	static
stl_iterator.h:806:7:__gnu_cxx::__normal_iterator<_Iterator, _Container>::__normal_iterator(const _Iterator&) [with _Iterator = const unsigned char*; _Container = std::vector<unsigned char>]	16	static
stl_iterator.h:871:7:const _Iterator& __gnu_cxx::__normal_iterator<_Iterator, _Container>::base() const [with _Iterator = const unsigned char*; _Container = std::vector<unsigned char>]	16	static
move.h:99:5:constexpr typename std::remove_reference<_Tp>::type&& std::move(_Tp&&) [with _Tp = std::_Any_data&]	16	static
move.h:182:5:typename std::enable_if<std::__and_<std::__not_<std::__is_tuple_like<_Tp> >, std::is_move_constructible<_Tp>, std::is_move_assignable<_Tp> >::value>::type std::swap(_Tp&, _Tp&) [with _Tp = std::_Any_data]	24	static
move.h:99:5:constexpr typename std::remove_reference<_Tp>::type&& std::move(_Tp&&) [with _Tp = bool (*&)(std::_Any_data&, const std::_Any_data&, std::_Manager_operation)]	16	static
move.h:182:5:typename std::enable_if<std::__and_<std::__not_<std::__is_tuple_like<_Tp> >, std::is_move_constructible<_Tp>, std::is_move_assignable<_Tp> >::value>::type std::swap(_Tp&, _Tp&) [with _Tp = bool (*)(std::_Any_data&, const std::_Any_data&, std::_Manager_operation)]	24	static
move.h:99:5:constexpr typename std::remove_reference<_Tp>::type&& std::move(_Tp&&) [with _Tp = bool (*&)(const std::_Any_data&, int&&, nlohmann::detail::parse_event_t&&, nlohmann::basic_json<>&)]	16	static
move.h:182:5:typename std::enable_if<std::__and_<std::__not_<std::__is_tuple_like<_Tp> >, std::is_move_constructible<_Tp>, std::is_move_assignable<_Tp> >::value>::type std::swap(_Tp&, _Tp&) [with _Tp = bool (*)(const std::_Any_data&, int&&, nlohmann::detail::parse_event_t&&, nlohmann::basic_json<>&)]	24	static
std_function.h:564:16:)>::operator bool() const [with _Res = bool; _ArgTypes = {int, nlohmann::detail::parse_event_t, nlohmann::basic_json<std::map, std::vector, std::__cxx11::basic_string<char, std::char_traits<char>, std::allocator<char> >, bool, long long int, long long unsigned int, double, std::allocator, nlohmann::adl_serializer, std::vector<unsigned char, std::allocator<unsigned char> > >&}]	16	static
move.h:99:5:constexpr typename std::remove_reference<_Tp>::type&& std::move(_Tp&&) [with _Tp = std::function<bool(int, nlohmann::detail::parse_event_t, nlohmann::basic_json<>&)>&]	16	static
stl_vector.h:330:7:std::_Vector_base<_Tp, _Alloc>::~_Vector_base() [with _Tp = char; _Alloc = std::allocator<char>]	16	static
stl_vector.h:273:7:std::_Vector_base<_Tp, _Alloc>::_Tp_alloc_type& std::_Vector_base<_Tp, _Alloc>::_M_get_Tp_allocator() [with _Tp = char; _Alloc = std::allocator<char>]	16	static
stl_construct.h:203:5:void std::_Destroy(_ForwardIterator, _ForwardIterator, std::allocator<_T2>&) [with _ForwardIterator = char*; _Tp = char]	24	static
stl_vector.h:125:14:std::_Vector_base<nlohmann::basic_json<>*, std::allocator<nlohmann::basic_json<>*> >::_Vector_impl::~_Vector_impl()	16	static
stl_vector.h:285:7:std::_Vector_base<_Tp, _Alloc>::_Vector_base() [with _Tp = nlohmann::basic_json<>*; _Alloc = std::allocator<nlohmann::basic_json<>*>]	16	static
stl_vector.h:484:7:std::vector<_Tp, _Alloc>::vector() [with _Tp = nlohmann::basic_json<>*; _Alloc = std::allocator<nlohmann::basic_json<>*>]	16	static
stl_bvector.h:472:14:std::_Bvector_base<std::allocator<bool> >::_Bvector_impl::~_Bvector_impl()	16	static
stl_bvector.h:514:7:std::_Bvector_base<_Alloc>::_Bvector_base() [with _Alloc = std::allocator<bool>]	16	static
stl_bvector.h:628:7:std::vector<bool, _Alloc>::vector() [with _Alloc = std::allocator<bool>]	16	static
json.hpp:6251:5:nlohmann::detail::json_sax_dom_callback_parser<BasicJsonType>::json_sax_dom_callback_parser(BasicJsonType&, nlohmann::detail::json_sax_dom_callback_parser<BasicJsonType>::parser_callback_t, bool) [with BasicJsonType = nlohmann::basic_json<>]	24	static
stl_vector.h:675:7:std::vector<_Tp, _Alloc>::~vector() [with _Tp = nlohmann::basic_json<>*; _Alloc = std::allocator<nlohmann::basic_json<>*>]	24	static
stl_bvector.h:714:7:std::vector<bool, _Alloc>::~vector() [with _Alloc = std::allocator<bool>]	16	static
json.hpp:3091:7:nlohmann::detail::out_of_range::~out_of_range()	16	static
json.hpp:3091:7:virtual nlohmann::detail::out_of_range::~out_of_range()	16	static
json.hpp:2913:24:static nlohmann::detail::parse_error nlohmann::detail::parse_error::create(int, const nlohmann::detail::position_t&, const string&, const BasicJsonType&) [with BasicJsonType = nlohmann::basic_json<>]	256	static
json.hpp:6429:10:bool nlohmann::detail::json_sax_dom_callback_parser<BasicJsonType>::parse_error(std::size_t, const string&, const Exception&) [with Exception = nlohmann::detail::parse_error; BasicJsonType = nlohmann::basic_json<>]	24	static
json.hpp:6441:20:bool nlohmann::detail::json_sax_dom_callback_parser<BasicJsonType>::is_errored() const [with BasicJsonType = nlohmann::basic_json<>]	16	static
json.hpp:20304:20:bool nlohmann::basic_json<ObjectType, ArrayType, StringType, BooleanType, NumberIntegerType, NumberUnsignedType, NumberFloatType, AllocatorType, JSONSerializer, BinaryType>::is_discarded() const [with ObjectType = std::map; ArrayType = std::vector; StringType = std::__cxx11::basic_string<char>; BooleanType = bool; NumberIntegerType = long long int; NumberUnsignedType = long long unsigned int; NumberFloatType = double; AllocatorType = std::allocator; JSONSerializer = nlohmann::adl_serializer; BinaryType = std::vector<unsigned char>]	16	static
json.hpp:6080:14:nlohmann::detail::json_sax_dom_parser<BasicJsonType>::json_sax_dom_parser(BasicJsonType&, bool) [with BasicJsonType = nlohmann::basic_json<>]	24	static
json.hpp:6179:10:bool nlohmann::detail::json_sax_dom_parser<BasicJsonType>::parse_error(std::size_t, const string&, const Exception&) [with Exception = nlohmann::detail::parse_error; BasicJsonType = nlohmann::basic_json<>]	24	static
json.hpp:6191:20:bool nlohmann::detail::json_sax_dom_parser<BasicJsonType>::is_errored() const [with BasicJsonType = nlohmann::basic_json<>]	16	static
stl_vector.h:128:2:std::_Vector_base<_Tp, _Alloc>::_Vector_impl::_Vector_impl() [with _Tp = nlohmann::basic_json<>; _Alloc = std::allocator<nlohmann::basic_json<> >]	16	static
allocator.h:153:7:std::allocator< <template-parameter-1-1> >::~allocator() [with _Tp = nlohmann::basic_json<>]	16	static
stl_vector.h:330:7:std::_Vector_base<_Tp, _Alloc>::~_Vector_base() [with _Tp = nlohmann::basic_json<>; _Alloc = std::allocator<nlohmann::basic_json<> >]	16	static
stl_vector.h:675:7:std::vector<_Tp, _Alloc>::~vector() [with _Tp = nlohmann::basic_json<>; _Alloc = std::allocator<nlohmann::basic_json<> >]	24	static
stl_vector.h:441:7:static constexpr bool std::vector<_Tp, _Alloc>::_S_use_relocate() [with _Tp = nlohmann::basic_json<>; _Alloc = std::allocator<nlohmann::basic_json<> >]	16	static
stl_vector.h:428:7:static constexpr bool std::vector<_Tp, _Alloc>::_S_nothrow_relocate(std::true_type) [with _Tp = nlohmann::basic_json<>; _Alloc = std::allocator<nlohmann::basic_json<> >]	16	static
vector.tcc:66:5:void std::vector<_Tp, _Alloc>::reserve(std::vector<_Tp, _Alloc>::size_type) [with _Tp = nlohmann::basic_json<>; _Alloc = std::allocator<nlohmann::basic_json<> >]	32	static
stl_vector.h:808:7:std::vector<_Tp, _Alloc>::iterator std::vector<_Tp, _Alloc>::begin() [with _Tp = nlohmann::basic_json<>; _Alloc = std::allocator<nlohmann::basic_json<> >]	24	static
stl_iterator.h:556:5:std::back_insert_iterator<_Container> std::back_inserter(_Container&) [with _Container = std::vector<nlohmann::basic_json<>, std::allocator<nlohmann::basic_json<> > >]	24	static
stl_algobase.h:497:5:_OI std::move(_II, _II, _OI) [with _II = __gnu_cxx::__normal_iterator<nlohmann::basic_json<>*, std::vector<nlohmann::basic_json<>, std::allocator<nlohmann::basic_json<> > > >; _OI = std::back_insert_iterator<std::vector<nlohmann::basic_json<>, std::allocator<nlohmann::basic_json<> > > >]	32	static
stl_map.h:354:7:std::map<_Key, _Tp, _Compare, _Alloc>::iterator std::map<_Key, _Tp, _Compare, _Alloc>::begin() [with _Key = std::__cxx11::basic_string<char>; _Tp = nlohmann::basic_json<>; _Compare = std::less<std::__cxx11::basic_string<char> >; _Alloc = std::allocator<std::pair<const std::__cxx11::basic_string<char>, nlohmann::basic_json<> > >]	16	static
stl_tree.h:285:7:std::_Rb_tree_iterator<_Tp>::_Self& std::_Rb_tree_iterator<_Tp>::operator++() [with _Tp = std::pair<const std::__cxx11::basic_string<char>, nlohmann::basic_json<> >]	16	static
stl_tree.h:277:7:_Tp& std::_Rb_tree_iterator<_Tp>::operator*() const [with _Tp = std::pair<const std::__cxx11::basic_string<char>, nlohmann::basic_json<> >]	16	static
move.h:99:5:constexpr typename std::remove_reference<_Tp>::type&& std::move(_Tp&&) [with _Tp = nlohmann::basic_json<>&]	16	static
stl_vector.h:1200:7:void std::vector<_Tp, _Alloc>::push_back(std::vector<_Tp, _Alloc>::value_type&&) [with _Tp = nlohmann::basic_json<>; _Alloc = std::allocator<nlohmann::basic_json<> >]	16	static
stl_vector.h:1004:7:bool std::vector<_Tp, _Alloc>::empty() const [with _Tp = nlohmann::basic_json<>; _Alloc = std::allocator<nlohmann::basic_json<> >]	24	static
stl_vector.h:1140:7:std::vector<_Tp, _Alloc>::reference std::vector<_Tp, _Alloc>::back() [with _Tp = nlohmann::basic_json<>; _Alloc = std::allocator<nlohmann::basic_json<> >]	24	static
stl_vector.h:1222:7:void std::vector<_Tp, _Alloc>::pop_back() [with _Tp = nlohmann::basic_json<>; _Alloc = std::allocator<nlohmann::basic_json<> >]	16	static
json.hpp:20233:20:bool nlohmann::basic_json<ObjectType, ArrayType, StringType, BooleanType, NumberIntegerType, NumberUnsignedType, NumberFloatType, AllocatorType, JSONSerializer, BinaryType>::is_array() const [with ObjectType = std::map; ArrayType = std::vector; StringType = std::__cxx11::basic_string<char>; BooleanType = bool; NumberIntegerType = long long int; NumberUnsignedType = long long unsigned int; NumberFloatType = double; AllocatorType = std::allocator; JSONSerializer = nlohmann::adl_serializer; BinaryType = std::vector<unsigned char>]	16	static
stl_vector.h:1495:7:void std::vector<_Tp, _Alloc>::clear() [with _Tp = nlohmann::basic_json<>; _Alloc = std::allocator<nlohmann::basic_json<> >]	16	static
stl_map.h:1132:7:void std::map<_Key, _Tp, _Compare, _Alloc>::clear() [with _Key = std::__cxx11::basic_string<char>; _Tp = nlohmann::basic_json<>; _Compare = std::less<std::__cxx11::basic_string<char> >; _Alloc = std::allocator<std::pair<const std::__cxx11::basic_string<char>, nlohmann::basic_json<> > >]	16	static
allocator.h:138:7:std::allocator< <template-parameter-1-1> >::allocator() [with _Tp = std::map<std::__cxx11::basic_string<char>, nlohmann::basic_json<>, std::less<std::__cxx11::basic_string<char> >, std::allocator<std::pair<const std::__cxx11::basic_string<char>, nlohmann::basic_json<> > > >]	16	static
allocator.h:153:7:std::allocator< <template-parameter-1-1> >::~allocator() [with _Tp = std::map<std::__cxx11::basic_string<char>, nlohmann::basic_json<>, std::less<std::__cxx11::basic_string<char> >, std::allocator<std::pair<const std::__cxx11::basic_string<char>, nlohmann::basic_json<> > > >]	16	static
alloc_traits.h:495:2:static void std::allocator_traits<std::allocator<_CharT> >::destroy(std::allocator_traits<std::allocator<_CharT> >::allocator_type&, _Up*) [with _Up = std::map<std::__cxx11::basic_string<char>, nlohmann::basic_json<>, std::less<std::__cxx11::basic_string<char> >, std::allocator<std::pair<const std::__cxx11::basic_string<char>, nlohmann::basic_json<> > > >; _Tp = std::map<std::__cxx11::basic_string<char>, nlohmann::basic_json<>, std::less<std::__cxx11::basic_string<char> >, std::allocator<std::pair<const std::__cxx11::basic_string<char>, nlohmann::basic_json<> > > >]	16	static
alloc_traits.h:469:7:static void std::allocator_traits<std::allocator<_CharT> >::deallocate(std::allocator_traits<std::allocator<_CharT> >::allocator_type&, std::allocator_traits<std::allocator<_CharT> >::pointer, std::allocator_traits<std::allocator<_CharT> >::size_type) [with _Tp = std::map<std::__cxx11::basic_string<char>, nlohmann::basic_json<>, std::less<std::__cxx11::basic_string<char> >, std::allocator<std::pair<const std::__cxx11::basic_string<char>, nlohmann::basic_json<> > > >]	24	static
allocator.h:138:7:std::allocator< <template-parameter-1-1> >::allocator() [with _Tp = std::vector<nlohmann::basic_json<>, std::allocator<nlohmann::basic_json<> > >]	16	static
allocator.h:153:7:std::allocator< <template-parameter-1-1> >::~allocator() [with _Tp = std::vector<nlohmann::basic_json<>, std::allocator<nlohmann::basic_json<> > >]	16	static
alloc_traits.h:495:2:static void std::allocator_traits<std::allocator<_CharT> >::destroy(std::allocator_traits<std::allocator<_CharT> >::allocator_type&, _Up*) [with _Up = std::vector<nlohmann::basic_json<>, std::allocator<nlohmann::basic_json<> > >; _Tp = std::vector<nlohmann::basic_json<>, std::allocator<nlohmann::basic_json<> > >]	16	static
alloc_traits.h:469:7:static void std::allocator_traits<std::allocator<_CharT> >::deallocate(std::allocator_traits<std::allocator<_CharT> >::allocator_type&, std::allocator_traits<std::allocator<_CharT> >::pointer, std::allocator_traits<std::allocator<_CharT> >::size_type) [with _Tp = std::vector<nlohmann::basic_json<>, std::allocator<nlohmann::basic_json<> > >]	24	static
allocator.h:138:7:std::allocator< <template-parameter-1-1> >::allocator() [with _Tp = std::__cxx11::basic_string<char>]	16	static
alloc_traits.h:495:2:static void std::allocator_traits<std::allocator<_CharT> >::destroy(std::allocator_traits<std::allocator<_CharT> >::allocator_type&, _Up*) [with _Up = std::__cxx11::basic_string<char>; _Tp = std::__cxx11::basic_string<char>]	16	static
alloc_traits.h:469:7:static void std::allocator_traits<std::allocator<_CharT> >::deallocate(std::allocator_traits<std::allocator<_CharT> >::allocator_type&, std::allocator_traits<std::allocator<_CharT> >::pointer, std::allocator_traits<std::allocator<_CharT> >::size_type) [with _Tp = std::__cxx11::basic_string<char>]	24	static
allocator.h:138:7:std::allocator< <template-parameter-1-1> >::allocator() [with _Tp = nlohmann::byte_container_with_subtype<std::vector<unsigned char> >]	16	static
allocator.h:153:7:std::allocator< <template-parameter-1-1> >::~allocator() [with _Tp = nlohmann::byte_container_with_subtype<std::vector<unsigned char> >]	16	static
alloc_traits.h:495:2:static void std::allocator_traits<std::allocator<_CharT> >::destroy(std::allocator_traits<std::allocator<_CharT> >::allocator_type&, _Up*) [with _Up = nlohmann::byte_container_with_subtype<std::vector<unsigned char> >; _Tp = nlohmann::byte_container_with_subtype<std::vector<unsigned char> >]	16	static
alloc_traits.h:469:7:static void std::allocator_traits<std::allocator<_CharT> >::deallocate(std::allocator_traits<std::allocator<_CharT> >::allocator_type&, std::allocator_traits<std::allocator<_CharT> >::pointer, std::allocator_traits<std::allocator<_CharT> >::size_type) [with _Tp = nlohmann::byte_container_with_subtype<std::vector<unsigned char> >]	24	static
basic_string.h:243:9:void std::__cxx11::basic_string<_CharT, _Traits, _Alloc>::_M_construct_aux(_InIterator, _InIterator, std::__false_type) [with _InIterator = char*; _CharT = char; _Traits = std::char_traits<char>; _Alloc = std::allocator<char>]	40	static
json.hpp:18435:24:) [with T = std::map<std::__cxx11::basic_string<char>, nlohmann::basic_json<>, std::less<std::__cxx11::basic_string<char> >, std::allocator<std::pair<const std::__cxx11::basic_string<char>, nlohmann::basic_json<> > > >; Args = {}; ObjectType = std::map; ArrayType = std::vector; StringType = std::__cxx11::basic_string<char>; BooleanType = bool; NumberIntegerType = long long int; NumberUnsignedType = long long unsigned int; NumberFloatType = double; AllocatorType = std::allocator; JSONSerializer = nlohmann::adl_serializer; BinaryType = std::vector<unsigned char>]::<lambda(std::map<std::__cxx11::basic_string<char>, nlohmann::basic_json<>, std::less<std::__cxx11::basic_string<char> >, std::allocator<std::pair<const std::__cxx11::basic_string<char>, nlohmann::basic_json<> > > >*)>	16	static
json.hpp:18430:15:) [with T = std::map<std::__cxx11::basic_string<char>, nlohmann::basic_json<>, std::less<std::__cxx11::basic_string<char> >, std::allocator<std::pair<const std::__cxx11::basic_string<char>, nlohmann::basic_json<> > > >; Args = {}; ObjectType = std::map; ArrayType = std::vector; StringType = std::__cxx11::basic_string<char>; BooleanType = bool; NumberIntegerType = long long int; NumberUnsignedType = long long unsigned int; NumberFloatType = double; AllocatorType = std::allocator; JSONSerializer = nlohmann::adl_serializer; BinaryType = std::vector<unsigned char>]	32	static
json.hpp:18435:24:) [with T = std::vector<nlohmann::basic_json<>, std::allocator<nlohmann::basic_json<> > >; Args = {}; ObjectType = std::map; ArrayType = std::vector; StringType = std::__cxx11::basic_string<char>; BooleanType = bool; NumberIntegerType = long long int; NumberUnsignedType = long long unsigned int; NumberFloatType = double; AllocatorType = std::allocator; JSONSerializer = nlohmann::adl_serializer; BinaryType = std::vector<unsigned char>]::<lambda(std::vector<nlohmann::basic_json<>, std::allocator<nlohmann::basic_json<> > >*)>	16	static
json.hpp:18430:15:) [with T = std::vector<nlohmann::basic_json<>, std::allocator<nlohmann::basic_json<> > >; Args = {}; ObjectType = std::map; ArrayType = std::vector; StringType = std::__cxx11::basic_string<char>; BooleanType = bool; NumberIntegerType = long long int; NumberUnsignedType = long long unsigned int; NumberFloatType = double; AllocatorType = std::allocator; JSONSerializer = nlohmann::adl_serializer; BinaryType = std::vector<unsigned char>]	32	static
json.hpp:18435:24:) [with T = std::__cxx11::basic_string<char>; Args = {const char (&)[1]}; ObjectType = std::map; ArrayType = std::vector; StringType = std::__cxx11::basic_string<char>; BooleanType = bool; NumberIntegerType = long long int; NumberUnsignedType = long long unsigned int; NumberFloatType = double; AllocatorType = std::allocator; JSONSerializer = nlohmann::adl_serializer; BinaryType = std::vector<unsigned char>]::<lambda(std::__cxx11::basic_string<char>*)>	16	static
json.hpp:18430:15:) [with T = std::__cxx11::basic_string<char>; Args = {const char (&)[1]}; ObjectType = std::map; ArrayType = std::vector; StringType = std::__cxx11::basic_string<char>; BooleanType = bool; NumberIntegerType = long long int; NumberUnsignedType = long long unsigned int; NumberFloatType = double; AllocatorType = std::allocator; JSONSerializer = nlohmann::adl_serializer; BinaryType = std::vector<unsigned char>]	40	static
json.hpp:18435:24:) [with T = nlohmann::byte_container_with_subtype<std::vector<unsigned char> >; Args = {}; ObjectType = std::map; ArrayType = std::vector; StringType = std::__cxx11::basic_string<char>; BooleanType = bool; NumberIntegerType = long long int; NumberUnsignedType = long long unsigned int; NumberFloatType = double; AllocatorType = std::allocator; JSONSerializer = nlohmann::adl_serializer; BinaryType = std::vector<unsigned char>]::<lambda(nlohmann::byte_container_with_subtype<std::vector<unsigned char> >*)>	16	static
json.hpp:18430:15:) [with T = nlohmann::byte_container_with_subtype<std::vector<unsigned char> >; Args = {}; ObjectType = std::map; ArrayType = std::vector; StringType = std::__cxx11::basic_string<char>; BooleanType = bool; NumberIntegerType = long long int; NumberUnsignedType = long long unsigned int; NumberFloatType = double; AllocatorType = std::allocator; JSONSerializer = nlohmann::adl_serializer; BinaryType = std::vector<unsigned char>]	32	static
stl_map.h:1257:7:std::map<_Key, _Tp, _Compare, _Alloc>::iterator std::map<_Key, _Tp, _Compare, _Alloc>::lower_bound(const key_type&) [with _Key = std::__cxx11::basic_string<char>; _Tp = nlohmann::basic_json<>; _Compare = std::less<std::__cxx11::basic_string<char> >; _Alloc = std::allocator<std::pair<const std::__cxx11::basic_string<char>, nlohmann::basic_json<> > >]	16	static
stl_tree.h:315:7:bool std::operator==(const _Self&, const _Self&)	16	static
stl_map.h:1141:7:std::map<_Key, _Tp, _Compare, _Alloc>::key_compare std::map<_Key, _Tp, _Compare, _Alloc>::key_comp() const [with _Key = std::__cxx11::basic_string<char>; _Tp = nlohmann::basic_json<>; _Compare = std::less<std::__cxx11::basic_string<char> >; _Alloc = std::allocator<std::pair<const std::__cxx11::basic_string<char>, nlohmann::basic_json<> > >]	24	static
stl_function.h:385:7:bool std::less<_Tp>::operator()(const _Tp&, const _Tp&) const [with _Tp = std::__cxx11::basic_string<char>]	24	static
tuple:642:17:constexpr std::tuple<_Elements>::tuple(std::tuple<_Elements>&&) [with _Elements = {std::__cxx11::basic_string<char, std::char_traits<char>, std::allocator<char> >&&}]	16	static
tuple:1482:5:) [with _Elements = {std::__cxx11::basic_string<char, std::char_traits<char>, std::allocator<char> >}]	16	static
stl_tree.h:348:7:std::_Rb_tree_const_iterator<_Tp>::_Rb_tree_const_iterator(const iterator&) [with _Tp = std::pair<const std::__cxx11::basic_string<char>, nlohmann::basic_json<> >]	16	static
stl_tree.h:2452:7:) [with _Args = {const std::piecewise_construct_t&, std::tuple<std::__cxx11::basic_string<char, std::char_traits<char>, std::allocator<char> >&&>, std::tuple<>}; _Key = std::__cxx11::basic_string<char>; _Val = std::pair<const std::__cxx11::basic_string<char>, nlohmann::basic_json<> >; _KeyOfValue = std::_Select1st<std::pair<const std::__cxx11::basic_string<char>, nlohmann::basic_json<> > >; _Compare = std::less<std::__cxx11::basic_string<char> >; _Alloc = std::allocator<std::pair<const std::__cxx11::basic_string<char>, nlohmann::basic_json<> > >]	48	static
json.hpp:5016:10:decltype ((nlohmann::detail::to_json(j, forward<T>(val)), void())) nlohmann::detail::to_json_fn::operator()(BasicJsonType&, T&&) const [with BasicJsonType = nlohmann::basic_json<>; T = int&]	24	static
shared_ptr.h:714:5:) [with _Tp = nlohmann::detail::output_string_adapter<char, std::__cxx11::basic_string<char> >; _Args = {std::__cxx11::basic_string<char, std::char_traits<char>, std::allocator<char> >&}]	24	static
shared_ptr.h:263:2:std::shared_ptr<_Tp>::shared_ptr(std::shared_ptr<_Yp>&&) [with _Yp = nlohmann::detail::output_string_adapter<char, std::__cxx11::basic_string<char> >; <template-parameter-2-2> = void; _Tp = nlohmann::detail::output_adapter_protocol<char>]	24	static
shared_ptr_base.h:733:7:std::__shared_count<_Lp>::__shared_count(const std::__shared_count<_Lp>&) [with __gnu_cxx::_Lock_policy _Lp = __gnu_cxx::_S_single]	16	static
move.h:99:5:constexpr typename std::remove_reference<_Tp>::type&& std::move(_Tp&&) [with _Tp = std::shared_ptr<nlohmann::detail::output_adapter_protocol<char> >&]	16	static
shared_ptr_base.h:1176:7:std::__shared_ptr<_Tp, _Lp>::__shared_ptr(std::__shared_ptr<_Tp, _Lp>&&) [with _Tp = nlohmann::detail::output_adapter_protocol<char>; __gnu_cxx::_Lock_policy _Lp = __gnu_cxx::_S_single]	16	static
stl_map.h:463:7:bool std::map<_Key, _Tp, _Compare, _Alloc>::empty() const [with _Key = std::__cxx11::basic_string<char>; _Tp = nlohmann::basic_json<>; _Compare = std::less<std::__cxx11::basic_string<char> >; _Alloc = std::allocator<std::pair<const std::__cxx11::basic_string<char>, nlohmann::basic_json<> > >]	16	static
shared_ptr_base.h:1012:7:std::__shared_ptr_access<_Tp, _Lp, <anonymous>, <anonymous> >::element_type* std::__shared_ptr_access<_Tp, _Lp, <anonymous>, <anonymous> >::operator->() const [with _Tp = nlohmann::detail::output_adapter_protocol<char>; __gnu_cxx::_Lock_policy _Lp = __gnu_cxx::_S_single; bool <anonymous> = false; bool <anonymous> = false]	16	static
stl_map.h:427:7:std::map<_Key, _Tp, _Compare, _Alloc>::const_iterator std::map<_Key, _Tp, _Compare, _Alloc>::cbegin() const [with _Key = std::__cxx11::basic_string<char>; _Tp = nlohmann::basic_json<>; _Compare = std::less<std::__cxx11::basic_string<char> >; _Alloc = std::allocator<std::pair<const std::__cxx11::basic_string<char>, nlohmann::basic_json<> > >]	16	static
stl_tree.h:364:7:std::_Rb_tree_const_iterator<_Tp>::_Self& std::_Rb_tree_const_iterator<_Tp>::operator++() [with _Tp = std::pair<const std::__cxx11::basic_string<char>, nlohmann::basic_json<> >]	16	static
json.hpp:16804:10:void nlohmann::detail::serializer<BasicJsonType>::dump_escaped(const string_t&, bool) [with BasicJsonType = nlohmann::basic_json<>]	120	static
stl_tree.h:360:7:const _Tp* std::_Rb_tree_const_iterator<_Tp>::operator->() const [with _Tp = std::pair<const std::__cxx11::basic_string<char>, nlohmann::basic_json<> >]	16	static
stl_map.h:436:7:std::map<_Key, _Tp, _Compare, _Alloc>::const_iterator std::map<_Key, _Tp, _Compare, _Alloc>::cend() const [with _Key = std::__cxx11::basic_string<char>; _Tp = nlohmann::basic_json<>; _Compare = std::less<std::__cxx11::basic_string<char> >; _Alloc = std::allocator<std::pair<const std::__cxx11::basic_string<char>, nlohmann::basic_json<> > >]	16	static
stl_tree.h:398:7:bool std::operator!=(const _Self&, const _Self&)	16	static
stl_iterator_base_funcs.h:213:5:_InputIterator std::next(_InputIterator, typename std::iterator_traits<_Iter>::difference_type) [with _InputIterator = std::_Rb_tree_const_iterator<std::pair<const std::__cxx11::basic_string<char>, nlohmann::basic_json<> > >]	16	static
stl_tree.h:394:7:bool std::operator==(const _Self&, const _Self&)	16	static
stl_vector.h:881:7:std::vector<_Tp, _Alloc>::const_iterator std::vector<_Tp, _Alloc>::cbegin() const [with _Tp = nlohmann::basic_json<>; _Alloc = std::allocator<nlohmann::basic_json<> >]	24	static
stl_vector.h:890:7:std::vector<_Tp, _Alloc>::const_iterator std::vector<_Tp, _Alloc>::cend() const [with _Tp = nlohmann::basic_json<>; _Alloc = std::allocator<nlohmann::basic_json<> >]	24	static
stl_iterator.h:867:7:__gnu_cxx::__normal_iterator<_Iterator, _Container> __gnu_cxx::__normal_iterator<_Iterator, _Container>::operator-(__gnu_cxx::__normal_iterator<_Iterator, _Container>::difference_type) const [with _Iterator = const nlohmann::basic_json<>*; _Container = std::vector<nlohmann::basic_json<>, std::allocator<nlohmann::basic_json<> > >]	24	static
stl_iterator.h:907:5:bool __gnu_cxx::operator!=(const __gnu_cxx::__normal_iterator<_Iterator, _Container>&, const __gnu_cxx::__normal_iterator<_Iterator, _Container>&) [with _Iterator = const nlohmann::basic_json<>*; _Container = std::vector<nlohmann::basic_json<>, std::allocator<nlohmann::basic_json<> > >]	24	static
stl_iterator.h:827:7:__gnu_cxx::__normal_iterator<_Iterator, _Container>& __gnu_cxx::__normal_iterator<_Iterator, _Container>::operator++() [with _Iterator = const nlohmann::basic_json<>*; _Container = std::vector<nlohmann::basic_json<>, std::allocator<nlohmann::basic_json<> > >]	16	static
stl_iterator.h:819:7:__gnu_cxx::__normal_iterator<_Iterator, _Container>::reference __gnu_cxx::__normal_iterator<_Iterator, _Container>::operator*() const [with _Iterator = const nlohmann::basic_json<>*; _Container = std::vector<nlohmann::basic_json<>, std::allocator<nlohmann::basic_json<> > >]	16	static
stl_vector.h:1004:7:bool std::vector<_Tp, _Alloc>::empty() const [with _Tp = unsigned char; _Alloc = std::allocator<unsigned char>]	24	static
stl_vector.h:881:7:std::vector<_Tp, _Alloc>::const_iterator std::vector<_Tp, _Alloc>::cbegin() const [with _Tp = unsigned char; _Alloc = std::allocator<unsigned char>]	24	static
stl_vector.h:890:7:std::vector<_Tp, _Alloc>::const_iterator std::vector<_Tp, _Alloc>::cend() const [with _Tp = unsigned char; _Alloc = std::allocator<unsigned char>]	24	static
stl_iterator.h:867:7:__gnu_cxx::__normal_iterator<_Iterator, _Container> __gnu_cxx::__normal_iterator<_Iterator, _Container>::operator-(__gnu_cxx::__normal_iterator<_Iterator, _Container>::difference_type) const [with _Iterator = const unsigned char*; _Container = std::vector<unsigned char>]	24	static
json.hpp:17106:10:void nlohmann::detail::serializer<BasicJsonType>::dump_integer(NumberType) [with NumberType = unsigned char; typename std::enable_if<(((std::is_integral<NumberType>::value || std::is_same<NumberType, typename BasicJsonType::number_unsigned_t>::value) || std::is_same<NumberType, typename BasicJsonType::number_integer_t>::value) || std::is_same<NumberType, typename BasicJsonType::binary_t::value_type>::value), int>::type <anonymous> = 0; BasicJsonType = nlohmann::basic_json<>]	56	static
stl_vector.h:1140:7:std::vector<_Tp, _Alloc>::reference std::vector<_Tp, _Alloc>::back() [with _Tp = unsigned char; _Alloc = std::allocator<unsigned char>]	24	static
json.hpp:17106:10:void nlohmann::detail::serializer<BasicJsonType>::dump_integer(NumberType) [with NumberType = long long unsigned int; typename std::enable_if<(((std::is_integral<NumberType>::value || std::is_same<NumberType, typename BasicJsonType::number_unsigned_t>::value) || std::is_same<NumberType, typename BasicJsonType::number_integer_t>::value) || std::is_same<NumberType, typename BasicJsonType::binary_t::value_type>::value), int>::type <anonymous> = 0; BasicJsonType = nlohmann::basic_json<>]	64	static
json.hpp:17106:10:void nlohmann::detail::serializer<BasicJsonType>::dump_integer(NumberType) [with NumberType = long long int; typename std::enable_if<(((std::is_integral<NumberType>::value || std::is_same<NumberType, typename BasicJsonType::number_unsigned_t>::value) || std::is_same<NumberType, typename BasicJsonType::number_integer_t>::value) || std::is_same<NumberType, typename BasicJsonType::binary_t::value_type>::value), int>::type <anonymous> = 0; BasicJsonType = nlohmann::basic_json<>]	64	static
json.hpp:17192:10:void nlohmann::detail::serializer<BasicJsonType>::dump_float(nlohmann::detail::serializer<BasicJsonType>::number_float_t) [with BasicJsonType = nlohmann::basic_json<>]	48	static
json.hpp:5822:32:static nlohmann::detail::container_input_adapter_factory_impl::container_input_adapter_factory<ContainerType, typename nlohmann::detail::make_void<decltype ((std::begin(declval<ContainerType>()), std::end(declval<ContainerType>())))>::type>::adapter_type nlohmann::detail::container_input_adapter_factory_impl::container_input_adapter_factory<ContainerType, typename nlohmann::detail::make_void<decltype ((std::begin(declval<ContainerType>()), std::end(declval<ContainerType>())))>::type>::create(const ContainerType&) [with ContainerType = std::__cxx11::basic_string<char>]	24	static
move.h:99:5:constexpr typename std::remove_reference<_Tp>::type&& std::move(_Tp&&) [with _Tp = nlohmann::detail::iterator_input_adapter<__gnu_cxx::__normal_iterator<const char*, std::__cxx11::basic_string<char> > >&]	16	static
json.hpp:10988:14:nlohmann::detail::parser<BasicJsonType, InputAdapterType>::parser(InputAdapterType&&, nlohmann::detail::parser_callback_t<BasicJsonType>, bool, bool) [with BasicJsonType = nlohmann::basic_json<>; InputAdapterType = nlohmann::detail::iterator_input_adapter<__gnu_cxx::__normal_iterator<const char*, std::__cxx11::basic_string<char> > >]	32	static
json.hpp:11097:10:bool nlohmann::detail::parser<BasicJsonType, InputAdapterType>::sax_parse_internal(SAX*) [with SAX = nlohmann::detail::json_sax_dom_callback_parser<nlohmann::basic_json<> >; BasicJsonType = nlohmann::basic_json<>; InputAdapterType = nlohmann::detail::iterator_input_adapter<__gnu_cxx::__normal_iterator<const char*, std::__cxx11::basic_string<char> > >]	1312	static
json.hpp:11378:16:nlohmann::detail::parser<BasicJsonType, InputAdapterType>::token_type nlohmann::detail::parser<BasicJsonType, InputAdapterType>::get_token() [with BasicJsonType = nlohmann::basic_json<>; InputAdapterType = nlohmann::detail::iterator_input_adapter<__gnu_cxx::__normal_iterator<const char*, std::__cxx11::basic_string<char> > >]	16	static
json.hpp:8060:26:nlohmann::detail::position_t nlohmann::detail::lexer<BasicJsonType, InputAdapterType>::get_position() const [with BasicJsonType = nlohmann::basic_json<>; InputAdapterType = nlohmann::detail::iterator_input_adapter<__gnu_cxx::__normal_iterator<const char*, std::__cxx11::basic_string<char> > >]	16	static
json.hpp:8068:17:std::string nlohmann::detail::lexer<BasicJsonType, InputAdapterType>::get_token_string() const [with BasicJsonType = nlohmann::basic_json<>; InputAdapterType = nlohmann::detail::iterator_input_adapter<__gnu_cxx::__normal_iterator<const char*, std::__cxx11::basic_string<char> > >]	56	static
json.hpp:11383:17:std::string nlohmann::detail::parser<BasicJsonType, InputAdapterType>::exception_message(nlohmann::detail::parser<BasicJsonType, InputAdapterType>::token_type, const string&) [with BasicJsonType = nlohmann::basic_json<>; InputAdapterType = nlohmann::detail::iterator_input_adapter<__gnu_cxx::__normal_iterator<const char*, std::__cxx11::basic_string<char> > >]	312	static
json.hpp:11097:10:bool nlohmann::detail::parser<BasicJsonType, InputAdapterType>::sax_parse_internal(SAX*) [with SAX = nlohmann::detail::json_sax_dom_parser<nlohmann::basic_json<> >; BasicJsonType = nlohmann::basic_json<>; InputAdapterType = nlohmann::detail::iterator_input_adapter<__gnu_cxx::__normal_iterator<const char*, std::__cxx11::basic_string<char> > >]	1312	static
move.h:74:5:constexpr _Tp&& std::forward(typename std::remove_reference<_Tp>::type&) [with _Tp = const std::__cxx11::basic_string<char>&]	16	static
stl_map.h:1168:7:std::map<_Key, _Tp, _Compare, _Alloc>::iterator std::map<_Key, _Tp, _Compare, _Alloc>::find(const key_type&) [with _Key = std::__cxx11::basic_string<char>; _Tp = nlohmann::basic_json<>; _Compare = std::less<std::__cxx11::basic_string<char> >; _Alloc = std::allocator<std::pair<const std::__cxx11::basic_string<char>, nlohmann::basic_json<> > >]	16	static
[...]
tuple:334:7:) [with T = nlohmann::byte_container_with_subtype<std::vector<unsigned char> >; Args = {const nlohmann::byte_container_with_subtype<std::vector<unsigned char, std::allocator<unsigned char> > >&}; ObjectType = std::map; ArrayType = std::vector; StringType = std::__cxx11::basic_string<char>; BooleanType = bool; NumberIntegerType = long long int; NumberUnsignedType = long long unsigned int; NumberFloatType = double; AllocatorType = std::allocator; JSONSerializer = nlohmann::adl_serializer; BinaryType = std::vector<unsigned char>]::<lambda(nlohmann::byte_container_with_subtype<std::vector<unsigned char> >*)>]	16	static
new_allocator.h:83:7:__gnu_cxx::new_allocator<_Tp>::new_allocator(const __gnu_cxx::new_allocator<_Tp>&) [with _Tp = unsigned char]	16	static
stl_vector.h:340:7:std::_Vector_base<_Tp, _Alloc>::pointer std::_Vector_base<_Tp, _Alloc>::_M_allocate(std::size_t) [with _Tp = unsigned char; _Alloc = std::allocator<unsigned char>]	16	static
stl_uninitialized.h:99:9:static _ForwardIterator std::__uninitialized_copy<true>::__uninit_copy(_InputIterator, _InputIterator, _ForwardIterator) [with _InputIterator = __gnu_cxx::__normal_iterator<const unsigned char*, std::vector<unsigned char> >; _ForwardIterator = unsigned char*]	24	static
tuple:160:7:static constexpr _Head& std::_Head_base<_Idx, _Head, false>::_M_head(std::_Head_base<_Idx, _Head, false>&) [with unsigned int _Idx = 0; _Head = const std::__cxx11::basic_string<char>&]	16	static
tuple:1320:5:>&) [with unsigned int __i = 0; _Elements = {const std::__cxx11::basic_string<char, std::char_traits<char>, std::allocator<char> >&}]	16	static
stl_algobase.h:280:5:_Iterator std::__niter_base(_Iterator) [with _Iterator = char*]	16	static
stl_uninitialized.h:924:5:std::__enable_if_t<std::__is_bitwise_relocatable<_Tp>::value, _Tp*> std::__relocate_a_1(_Tp*, _Tp*, _Tp*, std::allocator<_T2>&) [with _Tp = char; _Up = char]	32	static
stl_uninitialized.h:99:9:static _ForwardIterator std::__uninitialized_copy<true>::__uninit_copy(_InputIterator, _InputIterator, _ForwardIterator) [with _InputIterator = std::move_iterator<char*>; _ForwardIterator = char*]	24	static
stl_algobase.h:375:2:static _Tp* std::__copy_move<_IsMove, true, std::random_access_iterator_tag>::__copy_m(const _Tp*, const _Tp*, _Tp*) [with _Tp = nlohmann::basic_json<>*; bool _IsMove = true]	32	static
tuple:160:7:) [with T = std::map<std::__cxx11::basic_string<char>, nlohmann::basic_json<>, std::less<std::__cxx11::basic_string<char> >, std::allocator<std::pair<const std::__cxx11::basic_string<char>, nlohmann::basic_json<> > > >; Args = {const std::map<std::__cxx11::basic_string<char, std::char_traits<char>, std::allocator<char> >, nlohmann::basic_json<std::map, std::vector, std::__cxx11::basic_string<char, std::char_traits<char>, std::allocator<char> >, bool, long long int, long long unsigned int, double, std::allocator, nlohmann::adl_serializer, std::vector<unsigned char, std::allocator<unsigned char> > >, std::less<std::__cxx11::basic_string<char, std::char_traits<char>, std::allocator<char> > >, std::allocator<std::pair<const std::__cxx11::basic_string<char, std::char_traits<char>, std::allocator<char> >, nlohmann::basic_json<std::map, std::vector, std::__cxx11::basic_string<char, std::char_traits<char>, std::allocator<char> >, bool, long long int, long long unsigned int, double, std::allocator, nlohmann::adl_serializer, std::vector<unsigned char, std::allocator<unsigned char> > > > > >&}; ObjectType = std::map; ArrayType = std::vector; StringType = std::__cxx11::basic_string<char>; BooleanType = bool; NumberIntegerType = long long int; NumberUnsignedType = long long unsigned int; NumberFloatType = double; AllocatorType = std::allocator; JSONSerializer = nlohmann::adl_serializer; BinaryType = std::vector<unsigned char>]::<lambda(std::map<std::__cxx11::basic_string<char>, nlohmann::basic_json<>, std::less<std::__cxx11::basic_string<char> >, std::allocator<std::pair<const std::__cxx11::basic_string<char>, nlohmann::basic_json<> > > >*)>]	16	static
stl_tree.h:656:2:std::_Rb_tree_node<_Val>* std::_Rb_tree<_Key, _Val, _KeyOfValue, _Compare, _Alloc>::_M_clone_node(std::_Rb_tree<_Key, _Val, _KeyOfValue, _Compare, _Alloc>::_Const_Link_type, _NodeGen&) [with _NodeGen = std::_Rb_tree<std::__cxx11::basic_string<char>, std::pair<const std::__cxx11::basic_string<char>, nlohmann::basic_json<> >, std::_Select1st<std::pair<const std::__cxx11::basic_string<char>, nlohmann::basic_json<> > >, std::less<std::__cxx11::basic_string<char> >, std::allocator<std::pair<const std::__cxx11::basic_string<char>, nlohmann::basic_json<> > > >::_Alloc_node; _Key = std::__cxx11::basic_string<char>; _Val = std::pair<const std::__cxx11::basic_string<char>, nlohmann::basic_json<> >; _KeyOfValue = std::_Select1st<std::pair<const std::__cxx11::basic_string<char>, nlohmann::basic_json<> > >; _Compare = std::less<std::__cxx11::basic_string<char> >; _Alloc = std::allocator<std::pair<const std::__cxx11::basic_string<char>, nlohmann::basic_json<> > >]	32	static
stl_tree.h:801:7:static const std::_Rb_tree_node<_Val>* std::_Rb_tree<_Key, _Val, _KeyOfValue, _Compare, _Alloc>::_S_right(std::_Rb_tree<_Key, _Val, _KeyOfValue, _Compare, _Alloc>::_Const_Base_ptr) [with _Key = std::__cxx11::basic_string<char>; _Val = std::pair<const std::__cxx11::basic_string<char>, nlohmann::basic_json<> >; _KeyOfValue = std::_Select1st<std::pair<const std::__cxx11::basic_string<char>, nlohmann::basic_json<> > >; _Compare = std::less<std::__cxx11::basic_string<char> >; _Alloc = std::allocator<std::pair<const std::__cxx11::basic_string<char>, nlohmann::basic_json<> > >]	16	static
stl_tree.h:793:7:static const std::_Rb_tree_node<_Val>* std::_Rb_tree<_Key, _Val, _KeyOfValue, _Compare, _Alloc>::_S_left(std::_Rb_tree<_Key, _Val, _KeyOfValue, _Compare, _Alloc>::_Const_Base_ptr) [with _Key = std::__cxx11::basic_string<char>; _Val = std::pair<const std::__cxx11::basic_string<char>, nlohmann::basic_json<> >; _KeyOfValue = std::_Select1st<std::pair<const std::__cxx11::basic_string<char>, nlohmann::basic_json<> > >; _Compare = std::less<std::__cxx11::basic_string<char> >; _Alloc = std::allocator<std::pair<const std::__cxx11::basic_string<char>, nlohmann::basic_json<> > >]	16	static
tuple:160:7:) [with T = std::vector<nlohmann::basic_json<>, std::allocator<nlohmann::basic_json<> > >; Args = {const std::vector<nlohmann::basic_json<std::map, std::vector, std::__cxx11::basic_string<char, std::char_traits<char>, std::allocator<char> >, bool, long long int, long long unsigned int, double, std::allocator, nlohmann::adl_serializer, std::vector<unsigned char, std::allocator<unsigned char> > >, std::allocator<nlohmann::basic_json<std::map, std::vector, std::__cxx11::basic_string<char, std::char_traits<char>, std::allocator<char> >, bool, long long int, long long unsigned int, double, std::allocator, nlohmann::adl_serializer, std::vector<unsigned char, std::allocator<unsigned char> > > > >&}; ObjectType = std::map; ArrayType = std::vector; StringType = std::__cxx11::basic_string<char>; BooleanType = bool; NumberIntegerType = long long int; NumberUnsignedType = long long unsigned int; NumberFloatType = double; AllocatorType = std::allocator; JSONSerializer = nlohmann::adl_serializer; BinaryType = std::vector<unsigned char>]::<lambda(std::vector<nlohmann::basic_json<>, std::allocator<nlohmann::basic_json<> > >*)>]	16	static
stl_construct.h:74:5:) [with _T1 = nlohmann::basic_json<>; _Args = {const nlohmann::basic_json<std::map, std::vector, std::__cxx11::basic_string<char, std::char_traits<char>, std::allocator<char> >, bool, long long int, long long unsigned int, double, std::allocator, nlohmann::adl_serializer, std::vector<unsigned char, std::allocator<unsigned char> > >&}]	24	static
tuple:160:7:) [with T = std::__cxx11::basic_string<char>; Args = {const std::__cxx11::basic_string<char, std::char_traits<char>, std::allocator<char> >&}; ObjectType = std::map; ArrayType = std::vector; StringType = std::__cxx11::basic_string<char>; BooleanType = bool; NumberIntegerType = long long int; NumberUnsignedType = long long unsigned int; NumberFloatType = double; AllocatorType = std::allocator; JSONSerializer = nlohmann::adl_serializer; BinaryType = std::vector<unsigned char>]::<lambda(std::__cxx11::basic_string<char>*)>]	16	static
tuple:160:7:) [with T = nlohmann::byte_container_with_subtype<std::vector<unsigned char> >; Args = {const nlohmann::byte_container_with_subtype<std::vector<unsigned char, std::allocator<unsigned char> > >&}; ObjectType = std::map; ArrayType = std::vector; StringType = std::__cxx11::basic_string<char>; BooleanType = bool; NumberIntegerType = long long int; NumberUnsignedType = long long unsigned int; NumberFloatType = double; AllocatorType = std::allocator; JSONSerializer = nlohmann::adl_serializer; BinaryType = std::vector<unsigned char>]::<lambda(nlohmann::byte_container_with_subtype<std::vector<unsigned char> >*)>]	16	static
alloc_traits.h:443:7:static _Tp* std::allocator_traits<std::allocator<_CharT> >::allocate(std::allocator_traits<std::allocator<_CharT> >::allocator_type&, std::allocator_traits<std::allocator<_CharT> >::size_type) [with _Tp = unsigned char]	16	static
stl_algobase.h:465:5:_OI std::copy(_II, _II, _OI) [with _II = __gnu_cxx::__normal_iterator<const unsigned char*, std::vector<unsigned char> >; _OI = unsigned char*]	32	static
tuple:1309:5:>&) [with unsigned int __i = 0; _Head = const std::__cxx11::basic_string<char>&; _Tail = {}]	16	static
stl_algobase.h:465:5:_OI std::copy(_II, _II, _OI) [with _II = std::move_iterator<char*>; _OI = char*]	32	static
stl_tree.h:546:4:std::_Rb_tree_node<_Val>* std::_Rb_tree<_Key, _Val, _KeyOfValue, _Compare, _Alloc>::_Alloc_node::operator()(_Arg&&) const [with _Arg = const std::pair<const std::__cxx11::basic_string<char>, nlohmann::basic_json<> >&; _Key = std::__cxx11::basic_string<char>; _Val = std::pair<const std::__cxx11::basic_string<char>, nlohmann::basic_json<> >; _KeyOfValue = std::_Select1st<std::pair<const std::__cxx11::basic_string<char>, nlohmann::basic_json<> > >; _Compare = std::less<std::__cxx11::basic_string<char> >; _Alloc = std::allocator<std::pair<const std::__cxx11::basic_string<char>, nlohmann::basic_json<> > >]	24	static
new_allocator.h:102:7:_Tp* __gnu_cxx::new_allocator<_Tp>::allocate(__gnu_cxx::new_allocator<_Tp>::size_type, const void*) [with _Tp = unsigned char]	24	static
cpp_type_traits.h:428:5:_Iterator std::__miter_base(_Iterator) [with _Iterator = __gnu_cxx::__normal_iterator<const unsigned char*, std::vector<unsigned char> >]	16	static
stl_algobase.h:438:5:_OI std::__copy_move_a2(_II, _II, _OI) [with bool _IsMove = false; _II = __gnu_cxx::__normal_iterator<const unsigned char*, std::vector<unsigned char> >; _OI = unsigned char*]	32	static
stl_iterator.h:1262:5:base())) std::__miter_base(std::move_iterator<_IteratorL>) [with _Iterator = char*]	16	static
stl_algobase.h:438:5:_OI std::__copy_move_a2(_II, _II, _OI) [with bool _IsMove = true; _II = char*; _OI = char*]	32	static
move.h:74:5:constexpr _Tp&& std::forward(typename std::remove_reference<_Tp>::type&) [with _Tp = const std::pair<const std::__cxx11::basic_string<char>, nlohmann::basic_json<> >&]	16	static
stl_tree.h:628:2:) [with _Args = {const std::pair<const std::__cxx11::basic_string<char, std::char_traits<char>, std::allocator<char> >, nlohmann::basic_json<std::map, std::vector, std::__cxx11::basic_string<char, std::char_traits<char>, std::allocator<char> >, bool, long long int, long long unsigned int, double, std::allocator, nlohmann::adl_serializer, std::vector<unsigned char, std::allocator<unsigned char> > > >&}; _Key = std::__cxx11::basic_string<char>; _Val = std::pair<const std::__cxx11::basic_string<char>, nlohmann::basic_json<> >; _KeyOfValue = std::_Select1st<std::pair<const std::__cxx11::basic_string<char>, nlohmann::basic_json<> > >; _Compare = std::less<std::__cxx11::basic_string<char> >; _Alloc = std::allocator<std::pair<const std::__cxx11::basic_string<char>, nlohmann::basic_json<> > >]	24	static
new_allocator.h:132:7:__gnu_cxx::new_allocator<_Tp>::size_type __gnu_cxx::new_allocator<_Tp>::max_size() const [with _Tp = unsigned char]	16	static
stl_iterator.h:1010:5:_Iterator std::__niter_base(__gnu_cxx::__normal_iterator<_Iterator, _Container>) [with _Iterator = const unsigned char*; _Container = std::vector<unsigned char>]	16	static
stl_algobase.h:280:5:_Iterator std::__niter_base(_Iterator) [with _Iterator = unsigned char*]	16	static
stl_algobase.h:393:5:_OI std::__copy_move_a(_II, _II, _OI) [with bool _IsMove = false; _II = const unsigned char*; _OI = unsigned char*]	32	static
stl_algobase.h:295:5:_Iterator std::__niter_wrap(const _Iterator&, _Iterator) [with _Iterator = unsigned char*]	16	static
stl_iterator.h:1066:7:std::move_iterator<_Iterator>::iterator_type std::move_iterator<_Iterator>::base() const [with _Iterator = char*]	16	static
cpp_type_traits.h:428:5:_Iterator std::__miter_base(_Iterator) [with _Iterator = char*]	16	static
stl_algobase.h:393:5:_OI std::__copy_move_a(_II, _II, _OI) [with bool _IsMove = true; _II = char*; _OI = char*]	32	static
stl_algobase.h:295:5:_Iterator std::__niter_wrap(const _Iterator&, _Iterator) [with _Iterator = char*]	16	static
stl_tree.h:609:2:) [with _Args = {const std::pair<const std::__cxx11::basic_string<char, std::char_traits<char>, std::allocator<char> >, nlohmann::basic_json<std::map, std::vector, std::__cxx11::basic_string<char, std::char_traits<char>, std::allocator<char> >, bool, long long int, long long unsigned int, double, std::allocator, nlohmann::adl_serializer, std::vector<unsigned char, std::allocator<unsigned char> > > >&}; _Key = std::__cxx11::basic_string<char>; _Val = std::pair<const std::__cxx11::basic_string<char>, nlohmann::basic_json<> >; _KeyOfValue = std::_Select1st<std::pair<const std::__cxx11::basic_string<char>, nlohmann::basic_json<> > >; _Compare = std::less<std::__cxx11::basic_string<char> >; _Alloc = std::allocator<std::pair<const std::__cxx11::basic_string<char>, nlohmann::basic_json<> > >]	32	static
stl_algobase.h:375:2:static _Tp* std::__copy_move<_IsMove, true, std::random_access_iterator_tag>::__copy_m(const _Tp*, const _Tp*, _Tp*) [with _Tp = unsigned char; bool _IsMove = false]	32	static
stl_algobase.h:375:2:static _Tp* std::__copy_move<_IsMove, true, std::random_access_iterator_tag>::__copy_m(const _Tp*, const _Tp*, _Tp*) [with _Tp = char; bool _IsMove = true]	32	static
alloc_traits.h:482:2:) [with _Up = std::pair<const std::__cxx11::basic_string<char>, nlohmann::basic_json<> >; _Args = {const std::pair<const std::__cxx11::basic_string<char, std::char_traits<char>, std::allocator<char> >, nlohmann::basic_json<std::map, std::vector, std::__cxx11::basic_string<char, std::char_traits<char>, std::allocator<char> >, bool, long long int, long long unsigned int, double, std::allocator, nlohmann::adl_serializer, std::vector<unsigned char, std::allocator<unsigned char> > > >&}; _Tp = std::_Rb_tree_node<std::pair<const std::__cxx11::basic_string<char>, nlohmann::basic_json<> > >]	24	static
stl_pair.h:303:17:std::pair<_T1, _T2>::pair(const std::pair<_T1, _T2>&) [with _T1 = const std::__cxx11::basic_string<char>; _T2 = nlohmann::basic_json<>]	16	static
new_allocator.h:144:2:) [with _Up = std::pair<const std::__cxx11::basic_string<char>, nlohmann::basic_json<> >; _Args = {const std::pair<const std::__cxx11::basic_string<char, std::char_traits<char>, std::allocator<char> >, nlohmann::basic_json<std::map, std::vector, std::__cxx11::basic_string<char, std::char_traits<char>, std::allocator<char> >, bool, long long int, long long unsigned int, double, std::allocator, nlohmann::adl_serializer, std::vector<unsigned char, std::allocator<unsigned char> > > >&}; _Tp = std::_Rb_tree_node<std::pair<const std::__cxx11::basic_string<char>, nlohmann::basic_json<> > >]	32	static
json.hpp:13633:7:nlohmann::detail::output_string_adapter<char, std::__cxx11::basic_string<char> >::~output_string_adapter()	16	static
json.hpp:13633:7:virtual nlohmann::detail::output_string_adapter<char, std::__cxx11::basic_string<char> >::~output_string_adapter()	16	static
project_main.cpp:492:1:void __static_initialization_and_destruction_0(int, int)	24	static
shared_ptr_base.h:552:7:std::_Sp_counted_ptr_inplace<_Tp, _Alloc, _Lp>::~_Sp_counted_ptr_inplace() [with _Tp = nlohmann::detail::output_string_adapter<char, std::__cxx11::basic_string<char> >; _Alloc = std::allocator<nlohmann::detail::output_string_adapter<char, std::__cxx11::basic_string<char> > >; __gnu_cxx::_Lock_policy _Lp = __gnu_cxx::_S_single]	16	static
shared_ptr_base.h:552:7:std::_Sp_counted_ptr_inplace<_Tp, _Alloc, _Lp>::~_Sp_counted_ptr_inplace() [with _Tp = nlohmann::detail::output_string_adapter<char, std::__cxx11::basic_string<char> >; _Alloc = std::allocator<nlohmann::detail::output_string_adapter<char, std::__cxx11::basic_string<char> > >; __gnu_cxx::_Lock_policy _Lp = __gnu_cxx::_S_single]	16	static
shared_ptr_base.h:555:7:void std::_Sp_counted_ptr_inplace<_Tp, _Alloc, _Lp>::_M_dispose() [with _Tp = nlohmann::detail::output_string_adapter<char, std::__cxx11::basic_string<char> >; _Alloc = std::allocator<nlohmann::detail::output_string_adapter<char, std::__cxx11::basic_string<char> > >; __gnu_cxx::_Lock_policy _Lp = __gnu_cxx::_S_single]	24	static
shared_ptr_base.h:562:7:void std::_Sp_counted_ptr_inplace<_Tp, _Alloc, _Lp>::_M_destroy() [with _Tp = nlohmann::detail::output_string_adapter<char, std::__cxx11::basic_string<char> >; _Alloc = std::allocator<nlohmann::detail::output_string_adapter<char, std::__cxx11::basic_string<char> > >; __gnu_cxx::_Lock_policy _Lp = __gnu_cxx::_S_single]	32	static
shared_ptr_base.h:575:7:void* std::_Sp_counted_ptr_inplace<_Tp, _Alloc, _Lp>::_M_get_deleter(const std::type_info&) [with _Tp = nlohmann::detail::output_string_adapter<char, std::__cxx11::basic_string<char> >; _Alloc = std::allocator<nlohmann::detail::output_string_adapter<char, std::__cxx11::basic_string<char> > >; __gnu_cxx::_Lock_policy _Lp = __gnu_cxx::_S_single]	24	static
json.hpp:13640:10:void nlohmann::detail::output_string_adapter<CharType, StringType>::write_character(CharType) [with CharType = char; StringType = std::__cxx11::basic_string<char>]	16	static
json.hpp:13646:10:void nlohmann::detail::output_string_adapter<CharType, StringType>::write_characters(const CharType*, std::size_t) [with CharType = char; StringType = std::__cxx11::basic_string<char>]	24	static
shared_ptr_base.h:533:10:_Alloc& std::_Sp_counted_ptr_inplace<_Tp, _Alloc, _Lp>::_Impl::_M_alloc() [with _Tp = nlohmann::detail::output_string_adapter<char, std::__cxx11::basic_string<char> >; _Alloc = std::allocator<nlohmann::detail::output_string_adapter<char, std::__cxx11::basic_string<char> > >; __gnu_cxx::_Lock_policy _Lp = __gnu_cxx::_S_single]	16	static
alloc_traits.h:495:2:static void std::allocator_traits<std::allocator<_CharT> >::destroy(std::allocator_traits<std::allocator<_CharT> >::allocator_type&, _Up*) [with _Up = nlohmann::detail::output_string_adapter<char, std::__cxx11::basic_string<char> >; _Tp = nlohmann::detail::output_string_adapter<char, std::__cxx11::basic_string<char> >]	16	static
shared_ptr_base.h:418:7:static _Tp& std::_Sp_ebo_helper<_Nm, _Tp, true>::_S_get(std::_Sp_ebo_helper<_Nm, _Tp, true>&) [with int _Nm = 0; _Tp = std::allocator<nlohmann::detail::output_string_adapter<char, std::__cxx11::basic_string<char> > >]	16	static
new_allocator.h:151:2:void __gnu_cxx::new_allocator<_Tp>::destroy(_Up*) [with _Up = nlohmann::detail::output_string_adapter<char, std::__cxx11::basic_string<char> >; _Tp = nlohmann::detail::output_string_adapter<char, std::__cxx11::basic_string<char> >]	16	static
project_main.cpp:492:1:cpp)	8	static
